Archive member included to satisfy reference by file (symbol)

c:/nxp/mcuxpressoide_11.6.0_8187/ide/plugins/com.nxp.mcuxpresso.tools.win32_11.6.0.202112161359/tools/bin/../lib/gcc/arm-none-eabi/10.3.1/../../../../arm-none-eabi/lib/thumb/v6-m/nofp\libcr_nohost_nf.a(_cr__main.o)
                              ./startup/startup_mkl25z4.o (__main)
c:/nxp/mcuxpressoide_11.6.0_8187/ide/plugins/com.nxp.mcuxpresso.tools.win32_11.6.0.202112161359/tools/bin/../lib/gcc/arm-none-eabi/10.3.1/../../../../arm-none-eabi/lib/thumb/v6-m/nofp\libcr_c.a(memcpy.o)
                              ./drivers/fsl_flash.o (memcpy)
c:/nxp/mcuxpressoide_11.6.0_8187/ide/plugins/com.nxp.mcuxpresso.tools.win32_11.6.0.202112161359/tools/bin/../lib/gcc/arm-none-eabi/10.3.1/../../../../arm-none-eabi/lib/thumb/v6-m/nofp\libcr_c.a(memset.o)
                              ./drivers/fsl_flash.o (memset)
c:/nxp/mcuxpressoide_11.6.0_8187/ide/plugins/com.nxp.mcuxpresso.tools.win32_11.6.0.202112161359/tools/bin/../lib/gcc/arm-none-eabi/10.3.1/../../../../arm-none-eabi/lib/thumb/v6-m/nofp\libcr_c.a(atan2.o)
                              ./source/mma8451.o (atan2)
c:/nxp/mcuxpressoide_11.6.0_8187/ide/plugins/com.nxp.mcuxpresso.tools.win32_11.6.0.202112161359/tools/bin/../lib/gcc/arm-none-eabi/10.3.1/../../../../arm-none-eabi/lib/thumb/v6-m/nofp\libcr_c.a(errno.o)
                              c:/nxp/mcuxpressoide_11.6.0_8187/ide/plugins/com.nxp.mcuxpresso.tools.win32_11.6.0.202112161359/tools/bin/../lib/gcc/arm-none-eabi/10.3.1/../../../../arm-none-eabi/lib/thumb/v6-m/nofp\libcr_c.a(atan2.o) (errno)
c:/nxp/mcuxpressoide_11.6.0_8187/ide/plugins/com.nxp.mcuxpresso.tools.win32_11.6.0.202112161359/tools/bin/../lib/gcc/arm-none-eabi/10.3.1/../../../../arm-none-eabi/lib/thumb/v6-m/nofp\libcr_c.a(fabs.o)
                              c:/nxp/mcuxpressoide_11.6.0_8187/ide/plugins/com.nxp.mcuxpresso.tools.win32_11.6.0.202112161359/tools/bin/../lib/gcc/arm-none-eabi/10.3.1/../../../../arm-none-eabi/lib/thumb/v6-m/nofp\libcr_c.a(atan2.o) (fabs)
c:/nxp/mcuxpressoide_11.6.0_8187/ide/plugins/com.nxp.mcuxpresso.tools.win32_11.6.0.202112161359/tools/bin/../lib/gcc/arm-none-eabi/10.3.1/../../../../arm-none-eabi/lib/thumb/v6-m/nofp\libcr_c.a(initio.o)
                              c:/nxp/mcuxpressoide_11.6.0_8187/ide/plugins/com.nxp.mcuxpresso.tools.win32_11.6.0.202112161359/tools/bin/../lib/gcc/arm-none-eabi/10.3.1/../../../../arm-none-eabi/lib/thumb/v6-m/nofp\libcr_nohost_nf.a(_cr__main.o) (_initio)
c:/nxp/mcuxpressoide_11.6.0_8187/ide/plugins/com.nxp.mcuxpresso.tools.win32_11.6.0.202112161359/tools/bin/../lib/gcc/arm-none-eabi/10.3.1/../../../../arm-none-eabi/lib/thumb/v6-m/nofp\libcr_c.a(setvbuf.o)
                              c:/nxp/mcuxpressoide_11.6.0_8187/ide/plugins/com.nxp.mcuxpresso.tools.win32_11.6.0.202112161359/tools/bin/../lib/gcc/arm-none-eabi/10.3.1/../../../../arm-none-eabi/lib/thumb/v6-m/nofp\libcr_c.a(initio.o) (setvbuf)
c:/nxp/mcuxpressoide_11.6.0_8187/ide/plugins/com.nxp.mcuxpresso.tools.win32_11.6.0.202112161359/tools/bin/../lib/gcc/arm-none-eabi/10.3.1/../../../../arm-none-eabi/lib/thumb/v6-m/nofp\libcr_c.a(sqrt.o)
                              ./source/mma8451.o (sqrt)
c:/nxp/mcuxpressoide_11.6.0_8187/ide/plugins/com.nxp.mcuxpresso.tools.win32_11.6.0.202112161359/tools/bin/../lib/gcc/arm-none-eabi/10.3.1/../../../../arm-none-eabi/lib/thumb/v6-m/nofp\libcr_c.a(strlen.o)
                              ./utilities/fsl_debug_console.o (strlen)
c:/nxp/mcuxpressoide_11.6.0_8187/ide/plugins/com.nxp.mcuxpresso.tools.win32_11.6.0.202112161359/tools/bin/../lib/gcc/arm-none-eabi/10.3.1/../../../../arm-none-eabi/lib/thumb/v6-m/nofp\libcr_c.a(_fdopen.o)
                              c:/nxp/mcuxpressoide_11.6.0_8187/ide/plugins/com.nxp.mcuxpresso.tools.win32_11.6.0.202112161359/tools/bin/../lib/gcc/arm-none-eabi/10.3.1/../../../../arm-none-eabi/lib/thumb/v6-m/nofp\libcr_c.a(initio.o) (_fdopen)
c:/nxp/mcuxpressoide_11.6.0_8187/ide/plugins/com.nxp.mcuxpresso.tools.win32_11.6.0.202112161359/tools/bin/../lib/gcc/arm-none-eabi/10.3.1/../../../../arm-none-eabi/lib/thumb/v6-m/nofp\libcr_c.a(atan.o)
                              c:/nxp/mcuxpressoide_11.6.0_8187/ide/plugins/com.nxp.mcuxpresso.tools.win32_11.6.0.202112161359/tools/bin/../lib/gcc/arm-none-eabi/10.3.1/../../../../arm-none-eabi/lib/thumb/v6-m/nofp\libcr_c.a(atan2.o) (atan)
c:/nxp/mcuxpressoide_11.6.0_8187/ide/plugins/com.nxp.mcuxpresso.tools.win32_11.6.0.202112161359/tools/bin/../lib/gcc/arm-none-eabi/10.3.1/../../../../arm-none-eabi/lib/thumb/v6-m/nofp\libcr_c.a(fclose.o)
                              c:/nxp/mcuxpressoide_11.6.0_8187/ide/plugins/com.nxp.mcuxpresso.tools.win32_11.6.0.202112161359/tools/bin/../lib/gcc/arm-none-eabi/10.3.1/../../../../arm-none-eabi/lib/thumb/v6-m/nofp\libcr_c.a(initio.o) (fclose)
[...]
Memory Configuration

Name             Origin             Length             Attributes
PROGRAM_FLASH    0x00000000         0x00020000         xr
SRAM             0x1ffff000         0x00004000         xrw
*default*        0x00000000         0xffffffff

Linker script and memory map

LOAD ./utilities/fsl_debug_console.o
LOAD ./startup/startup_mkl25z4.o
LOAD ./source/PES_final_project.o
LOAD ./source/delay.o
LOAD ./source/i2c.o
LOAD ./source/mma8451.o
LOAD ./source/mtb.o
LOAD ./source/pwm.o
LOAD ./source/semihost_hardfault.o
LOAD ./source/switch.o
LOAD ./source/systick.o
LOAD ./source/test.o
LOAD ./source/touch_sensor.o
LOAD ./drivers/fsl_clock.o
LOAD ./drivers/fsl_common.o
LOAD ./drivers/fsl_flash.o
LOAD ./drivers/fsl_gpio.o
LOAD ./drivers/fsl_lpsci.o
LOAD ./drivers/fsl_smc.o
LOAD ./drivers/fsl_uart.o
LOAD ./board/board.o
LOAD ./board/clock_config.o
LOAD ./board/peripherals.o
LOAD ./board/pin_mux.o
LOAD ./CMSIS/system_MKL25Z4.o
START GROUP
LOAD c:/nxp/mcuxpressoide_11.6.0_8187/ide/plugins/com.nxp.mcuxpresso.tools.win32_11.6.0.202112161359/tools/bin/../lib/gcc/arm-none-eabi/10.3.1/../../../../arm-none-eabi/lib/thumb/v6-m/nofp\libcr_nohost_nf.a
LOAD c:/nxp/mcuxpressoide_11.6.0_8187/ide/plugins/com.nxp.mcuxpresso.tools.win32_11.6.0.202112161359/tools/bin/../lib/gcc/arm-none-eabi/10.3.1/../../../../arm-none-eabi/lib/thumb/v6-m/nofp\libcr_c.a
LOAD c:/nxp/mcuxpressoide_11.6.0_8187/ide/plugins/com.nxp.mcuxpresso.tools.win32_11.6.0.202112161359/tools/bin/../lib/gcc/arm-none-eabi/10.3.1/thumb/v6-m/nofp\libcr_eabihelpers.a
LOAD c:/nxp/mcuxpressoide_11.6.0_8187/ide/plugins/com.nxp.mcuxpresso.tools.win32_11.6.0.202112161359/tools/bin/../lib/gcc/arm-none-eabi/10.3.1/thumb/v6-m/nofp\libgcc.a
END GROUP
                0x00000000                __base_PROGRAM_FLASH = 0x0
                0x00000000                __base_Flash = 0x0
                0x00020000                __top_PROGRAM_FLASH = 0x20000
                0x00020000                __top_Flash = 0x20000
                0x1ffff000                __base_SRAM = 0x1ffff000
                0x1ffff000                __base_RAM = 0x1ffff000
                0x20003000                __top_SRAM = 0x20003000
                0x20003000                __top_RAM = 0x20003000

.text           0x00000000     0x491c
 FILL mask 0xff
                0x00000000                __vectors_start__ = ABSOLUTE (.)
 *(SORT_BY_ALIGNMENT(.isr_vector))
 .isr_vector    0x00000000       0xc0 ./startup/startup_mkl25z4.o
                0x00000000                g_pfnVectors
                0x00000000                __Vectors
                0x000000c0                . = ALIGN (0x4)
                0x000000c0                __section_table_start = .
                0x000000c0                __data_section_table = .
                0x000000c0        0x4 LONG 0x491c LOADADDR (.data)
                0x000000c4        0x4 LONG 0x1ffff080 ADDR (.data)
                0x000000c8        0x4 LONG 0x8 SIZEOF (.data)
                0x000000cc                __data_section_table_end = .
                0x000000cc                __bss_section_table = .
                0x000000cc        0x4 LONG 0x1ffff088 ADDR (.bss)
                0x000000d0        0x4 LONG 0x100 SIZEOF (.bss)
                0x000000d4                __bss_section_table_end = .
                0x000000d4                __section_table_end = .
 *(SORT_BY_ALIGNMENT(.after_vectors*))
 .after_vectors.reset
                0x000000d4       0x4c ./startup/startup_mkl25z4.o
                0x000000d4                ResetISR
 .after_vectors.init_data
                0x00000120       0x12 ./startup/startup_mkl25z4.o
                0x00000120                data_init
 .after_vectors.init_bss
                0x00000132       0x10 ./startup/startup_mkl25z4.o
                0x00000132                bss_init
 .after_vectors
                0x00000142      0x10c ./startup/startup_mkl25z4.o
                0x00000142                NMI_Handler
                0x00000146                SVC_Handler
                0x00000148                PendSV_Handler
                0x0000014c                SPI1_DriverIRQHandler
                0x0000014c                LPTMR0_DriverIRQHandler
                0x0000014c                DMA0_DriverIRQHandler
                0x0000014c                I2C0_DriverIRQHandler
                0x0000014c                Reserved39_DriverIRQHandler
                0x0000014c                PORTD_DriverIRQHandler
                0x0000014c                DMA2_DriverIRQHandler
                0x0000014c                CMP0_DriverIRQHandler
                0x0000014c                TPM2_DriverIRQHandler
                0x0000014c                ADC0_DriverIRQHandler
                0x0000014c                SPI0_DriverIRQHandler
                0x0000014c                TSI0_DriverIRQHandler
                0x0000014c                RTC_Seconds_DriverIRQHandler
                0x0000014c                I2C1_DriverIRQHandler
                0x0000014c                DMA1_DriverIRQHandler
                0x0000014c                LLWU_DriverIRQHandler
                0x0000014c                MCG_DriverIRQHandler
                0x0000014c                PIT_DriverIRQHandler
                0x0000014c                RTC_DriverIRQHandler
                0x0000014c                TPM1_DriverIRQHandler
                0x0000014c                FTFA_DriverIRQHandler
                0x0000014c                IntDefaultHandler
                0x0000014c                USB0_DriverIRQHandler
                0x0000014c                DAC0_DriverIRQHandler
                0x0000014c                LVD_LVW_DriverIRQHandler
                0x0000014c                TPM0_DriverIRQHandler
                0x0000014c                PORTA_DriverIRQHandler
                0x0000014c                Reserved45_DriverIRQHandler
                0x0000014c                Reserved20_DriverIRQHandler
                0x0000014c                DMA3_DriverIRQHandler
                0x0000014e                DMA0_IRQHandler
                0x00000156                DMA1_IRQHandler
                0x0000015e                DMA2_IRQHandler
                0x00000166                DMA3_IRQHandler
                0x0000016e                Reserved20_IRQHandler
                0x00000176                FTFA_IRQHandler
                0x0000017e                LVD_LVW_IRQHandler
                0x00000186                LLWU_IRQHandler
                0x0000018e                I2C0_IRQHandler
                0x00000196                I2C1_IRQHandler
                0x0000019e                SPI0_IRQHandler
                0x000001a6                SPI1_IRQHandler
                0x000001ae                UART0_IRQHandler
                0x000001b6                UART1_IRQHandler
                0x000001be                UART2_IRQHandler
                0x000001c6                ADC0_IRQHandler
                0x000001ce                CMP0_IRQHandler
                0x000001d6                TPM0_IRQHandler
                0x000001de                TPM1_IRQHandler
                0x000001e6                TPM2_IRQHandler
                0x000001ee                RTC_IRQHandler
                0x000001f6                RTC_Seconds_IRQHandler
                0x000001fe                PIT_IRQHandler
                0x00000206                Reserved39_IRQHandler
                0x0000020e                USB0_IRQHandler
                0x00000216                DAC0_IRQHandler
                0x0000021e                TSI0_IRQHandler
                0x00000226                MCG_IRQHandler
                0x0000022e                LPTMR0_IRQHandler
                0x00000236                Reserved45_IRQHandler
                0x0000023e                PORTA_IRQHandler
                0x00000400                . = 0x400
 *fill*         0x0000024e      0x1b2 ff
                0x00000400                PROVIDE (__FLASH_CONFIG_START__ = .)
 *(SORT_BY_ALIGNMENT(.FlashConfig))
 .FlashConfig   0x00000400       0x10 ./startup/startup_mkl25z4.o
                0x00000400                Flash_Config
                0x00000410                PROVIDE (__FLASH_CONFIG_END__ = .)
                0x00000001                ASSERT (! ((__FLASH_CONFIG_START__ == __FLASH_CONFIG_END__)), Linker Flash Config Support Enabled, but no .FlashConfig section provided within application)
 *(SORT_BY_ALIGNMENT(.text*))
 .text.DbgConsole_Init
                0x00000410       0xf4 ./utilities/fsl_debug_console.o
                0x00000410                DbgConsole_Init
 .text.DbgConsole_Printf
                0x00000504       0x44 ./utilities/fsl_debug_console.o
                0x00000504                DbgConsole_Printf
 .text.DbgConsole_Putchar
                0x00000548       0x34 ./utilities/fsl_debug_console.o
                0x00000548                DbgConsole_Putchar
 .text.main     0x0000057c      0x1cc ./source/PES_final_project.o
                0x0000057c                main
 .text.Delay    0x00000748       0x2c ./source/delay.o
                0x00000748                Delay
 .text.i2c_init
                0x00000774       0x84 ./source/i2c.o
                0x00000774                i2c_init
 .text.i2c_busy
                0x000007f8      0x174 ./source/i2c.o
                0x000007f8                i2c_busy
 .text.i2c_wait
                0x0000096c       0x6c ./source/i2c.o
                0x0000096c                i2c_wait
 .text.i2c_start
                0x000009d8       0x30 ./source/i2c.o
                0x000009d8                i2c_start
 .text.i2c_read_setup
                0x00000a08       0x68 ./source/i2c.o
                0x00000a08                i2c_read_setup
 .text.i2c_repeated_read
                0x00000a70       0x80 ./source/i2c.o
                0x00000a70                i2c_repeated_read
 .text.i2c_read_byte
                0x00000af0       0xc4 ./source/i2c.o
                0x00000af0                i2c_read_byte
 .text.i2c_write_byte
                0x00000bb4       0x80 ./source/i2c.o
                0x00000bb4                i2c_write_byte
 .text.read_full_xyz
                0x00000c34       0xd8 ./source/mma8451.o
                0x00000c34                read_full_xyz
 .text.read_full_xyz_test
                0x00000d0c       0xd8 ./source/mma8451.o
                0x00000d0c                read_full_xyz_test
 .text.convert_to_roll
                0x00000de4       0xb0 ./source/mma8451.o
                0x00000de4                convert_to_roll
 .text.convert_to_pitch
                0x00000e94      0x104 ./source/mma8451.o
                0x00000e94                convert_to_pitch
 .text.PWM_init
                0x00000f98       0x80 ./source/pwm.o
                0x00000f98                PWM_init
 .text.TPM_init
                0x00001018       0xd0 ./source/pwm.o
                0x00001018                TPM_init
 .text.change_led
                0x000010e8       0x60 ./source/pwm.o
                0x000010e8                change_led
 .text.HardFault_Handler
                0x00001148       0x30 ./source/semihost_hardfault.o
                0x00001148                HardFault_Handler
 .text.NVIC_EnableIRQ
                0x00001178       0x2c ./source/switch.o
 .text.NVIC_ClearPendingIRQ
                0x000011a4       0x30 ./source/switch.o
 .text.NVIC_SetPriority
                0x000011d4       0xdc ./source/switch.o
 .text.init_interrupt
                0x000012b0       0x30 ./source/switch.o
                0x000012b0                init_interrupt
 .text.switch_init
                0x000012e0       0x44 ./source/switch.o
                0x000012e0                switch_init
 .text.PORTD_IRQHandler
                0x00001324       0x30 ./source/switch.o
                0x00001324                PORTD_IRQHandler
 .text.NVIC_SetPriority
                0x00001354       0xdc ./source/systick.o
 .text.SysTick_Config
                0x00001430       0x48 ./source/systick.o
 .text.init_systick
                0x00001478       0x18 ./source/systick.o
                0x00001478                init_systick
 .text.SysTick_Handler
                0x00001490       0x18 ./source/systick.o
                0x00001490                SysTick_Handler
 .text.time_count
                0x000014a8       0x1c ./source/systick.o
                0x000014a8                time_count
 .text.test_i2c
                0x000014c4       0x40 ./source/test.o
                0x000014c4                test_i2c
 .text.range_test
                0x00001504       0xf4 ./source/test.o
                0x00001504                range_test
 .text.Touch_Init
                0x000015f8       0x30 ./source/touch_sensor.o
                0x000015f8                Touch_Init
 .text.Touch_Scan_LH
                0x00001628       0x5c ./source/touch_sensor.o
                0x00001628                Touch_Scan_LH
 .text.CLOCK_SetEr32kClock
                0x00001684       0x34 ./drivers/fsl_clock.o
 .text.CLOCK_SetPllFllSelClock
                0x000016b8       0x38 ./drivers/fsl_clock.o
 .text.CLOCK_GetMcgExtClkFreq
                0x000016f0       0x28 ./drivers/fsl_clock.o
 .text.CLOCK_GetFllExtRefClkFreq
                0x00001718       0xa8 ./drivers/fsl_clock.o
 .text.CLOCK_GetFllRefClkFreq
                0x000017c0       0x2c ./drivers/fsl_clock.o
 .text.CLOCK_GetOscRangeFromFreq
                0x000017ec       0x4c ./drivers/fsl_clock.o
 .text.CLOCK_GetPllFllSelClkFreq
                0x00001838       0x4c ./drivers/fsl_clock.o
                0x00001838                CLOCK_GetPllFllSelClkFreq
 .text.CLOCK_SetSimConfig
                0x00001884       0x38 ./drivers/fsl_clock.o
                0x00001884                CLOCK_SetSimConfig
 .text.CLOCK_GetFllFreq
                0x000018bc       0x84 ./drivers/fsl_clock.o
                0x000018bc                CLOCK_GetFllFreq
 .text.CLOCK_GetPll0Freq
                0x00001940       0x70 ./drivers/fsl_clock.o
                0x00001940                CLOCK_GetPll0Freq
 .text.CLOCK_SetInternalRefClkConfig
                0x000019b0      0x124 ./drivers/fsl_clock.o
                0x000019b0                CLOCK_SetInternalRefClkConfig
 .text.CLOCK_EnablePll0
                0x00001ad4       0x94 ./drivers/fsl_clock.o
                0x00001ad4                CLOCK_EnablePll0
 .text.CLOCK_InitOsc0
                0x00001b68       0x94 ./drivers/fsl_clock.o
                0x00001b68                CLOCK_InitOsc0
 .text.CLOCK_SetPbeMode
                0x00001bfc       0xb0 ./drivers/fsl_clock.o
                0x00001bfc                CLOCK_SetPbeMode
 .text.CLOCK_BootToPeeMode
                0x00001cac       0x70 ./drivers/fsl_clock.o
                0x00001cac                CLOCK_BootToPeeMode
 .text.__assertion_failed
                0x00001d1c       0x1c ./drivers/fsl_common.o
                0x00001d1c                __assertion_failed
 .text.CLOCK_EnableClock
                0x00001d38       0x34 ./drivers/fsl_lpsci.o
 .text.LPSCI_GetInstance
                0x00001d6c       0x48 ./drivers/fsl_lpsci.o
                0x00001d6c                LPSCI_GetInstance
 .text.LPSCI_Init
                0x00001db4      0x258 ./drivers/fsl_lpsci.o
                0x00001db4                LPSCI_Init
 .text.LPSCI_GetDefaultConfig
                0x0000200c       0x44 ./drivers/fsl_lpsci.o
                0x0000200c                LPSCI_GetDefaultConfig
 .text.LPSCI_ClearStatusFlags
                0x00002050       0x94 ./drivers/fsl_lpsci.o
                0x00002050                LPSCI_ClearStatusFlags
 .text.LPSCI_WriteBlocking
                0x000020e4       0x4c ./drivers/fsl_lpsci.o
                0x000020e4                LPSCI_WriteBlocking
 .text.LPSCI_ReadBlocking
                0x00002130       0xc0 ./drivers/fsl_lpsci.o
                0x00002130                LPSCI_ReadBlocking
 .text.UART0_DriverIRQHandler
                0x000021f0       0x24 ./drivers/fsl_lpsci.o
                0x000021f0                UART0_DriverIRQHandler
 .text.CLOCK_EnableClock
                0x00002214       0x34 ./drivers/fsl_uart.o
 .text.UART_GetInstance
                0x00002248       0x54 ./drivers/fsl_uart.o
                0x00002248                UART_GetInstance
 .text.UART_Init
                0x0000229c      0x1e0 ./drivers/fsl_uart.o
                0x0000229c                UART_Init
 .text.UART_GetDefaultConfig
                0x0000247c       0x44 ./drivers/fsl_uart.o
                0x0000247c                UART_GetDefaultConfig
 .text.UART_ReadBlocking
                0x000024c0       0x98 ./drivers/fsl_uart.o
                0x000024c0                UART_ReadBlocking
 .text.UART1_DriverIRQHandler
                0x00002558       0x24 ./drivers/fsl_uart.o
                0x00002558                UART1_DriverIRQHandler
 .text.UART2_DriverIRQHandler
                0x0000257c       0x24 ./drivers/fsl_uart.o
                0x0000257c                UART2_DriverIRQHandler
 .text.CLOCK_SetLpsci0Clock
                0x000025a0       0x38 ./board/board.o
 .text.BOARD_InitDebugConsole
                0x000025d8       0x30 ./board/board.o
                0x000025d8                BOARD_InitDebugConsole
 .text.CLOCK_SetSimSafeDivs
                0x00002608       0x20 ./board/clock_config.o
 .text.CLOCK_SetXtal0Freq
                0x00002628       0x1c ./board/clock_config.o
 .text.CLOCK_CONFIG_SetFllExtRefDiv
                0x00002644       0x3c ./board/clock_config.o
 .text.BOARD_BootClockRUN
                0x00002680       0x64 ./board/clock_config.o
                0x00002680                BOARD_BootClockRUN
 .text.CLOCK_EnableClock
                0x000026e4       0x34 ./board/pin_mux.o
 .text.PORT_SetPinMux
                0x00002718       0x40 ./board/pin_mux.o
 .text.BOARD_InitPins
                0x00002758       0x4c ./board/pin_mux.o
                0x00002758                BOARD_InitPins
 .text.SystemInit
                0x000027a4       0x18 ./CMSIS/system_MKL25Z4.o
                0x000027a4                SystemInit
 .text.atan2    0x000027bc      0x108 c:/nxp/mcuxpressoide_11.6.0_8187/ide/plugins/com.nxp.mcuxpresso.tools.win32_11.6.0.202112161359/tools/bin/../lib/gcc/arm-none-eabi/10.3.1/../../../../arm-none-eabi/lib/thumb/v6-m/nofp\libcr_c.a(atan2.o)
                0x000027bc                atan2
 .text._initio  0x000028c4       0x7c c:/nxp/mcuxpressoide_11.6.0_8187/ide/plugins/com.nxp.mcuxpresso.tools.win32_11.6.0.202112161359/tools/bin/../lib/gcc/arm-none-eabi/10.3.1/../../../../arm-none-eabi/lib/thumb/v6-m/nofp\libcr_c.a(initio.o)
                0x000028c4                _initio
 .text.setvbuf  0x00002940       0x4c c:/nxp/mcuxpressoide_11.6.0_8187/ide/plugins/com.nxp.mcuxpresso.tools.win32_11.6.0.202112161359/tools/bin/../lib/gcc/arm-none-eabi/10.3.1/../../../../arm-none-eabi/lib/thumb/v6-m/nofp\libcr_c.a(setvbuf.o)
                0x00002940                setvbuf
 .text.sqrt     0x0000298c      0x134 c:/nxp/mcuxpressoide_11.6.0_8187/ide/plugins/com.nxp.mcuxpresso.tools.win32_11.6.0.202112161359/tools/bin/../lib/gcc/arm-none-eabi/10.3.1/../../../../arm-none-eabi/lib/thumb/v6-m/nofp\libcr_c.a(sqrt.o)
                0x0000298c                sqrt
 .text.strlen   0x00002ac0       0x58 c:/nxp/mcuxpressoide_11.6.0_8187/ide/plugins/com.nxp.mcuxpresso.tools.win32_11.6.0.202112161359/tools/bin/../lib/gcc/arm-none-eabi/10.3.1/../../../../arm-none-eabi/lib/thumb/v6-m/nofp\libcr_c.a(strlen.o)
                0x00002ac0                strlen
 .text._fdopen  0x00002b18       0x74 c:/nxp/mcuxpressoide_11.6.0_8187/ide/plugins/com.nxp.mcuxpresso.tools.win32_11.6.0.202112161359/tools/bin/../lib/gcc/arm-none-eabi/10.3.1/../../../../arm-none-eabi/lib/thumb/v6-m/nofp\libcr_c.a(_fdopen.o)
                0x00002b18                _fdopen
 .text.atan     0x00002b8c      0x204 c:/nxp/mcuxpressoide_11.6.0_8187/ide/plugins/com.nxp.mcuxpresso.tools.win32_11.6.0.202112161359/tools/bin/../lib/gcc/arm-none-eabi/10.3.1/../../../../arm-none-eabi/lib/thumb/v6-m/nofp\libcr_c.a(atan.o)
                0x00002b8c                atan
 .text.fclose   0x00002d90       0x5c c:/nxp/mcuxpressoide_11.6.0_8187/ide/plugins/com.nxp.mcuxpresso.tools.win32_11.6.0.202112161359/tools/bin/../lib/gcc/arm-none-eabi/10.3.1/../../../../arm-none-eabi/lib/thumb/v6-m/nofp\libcr_c.a(fclose.o)
                0x00002d90                fclose
 .text.fflush   0x00002dec       0x44 c:/nxp/mcuxpressoide_11.6.0_8187/ide/plugins/com.nxp.mcuxpresso.tools.win32_11.6.0.202112161359/tools/bin/../lib/gcc/arm-none-eabi/10.3.1/../../../../arm-none-eabi/lib/thumb/v6-m/nofp\libcr_c.a(fflush.o)
                0x00002dec                fflush
 .text.fseek    0x00002e30       0xf0 c:/nxp/mcuxpressoide_11.6.0_8187/ide/plugins/com.nxp.mcuxpresso.tools.win32_11.6.0.202112161359/tools/bin/../lib/gcc/arm-none-eabi/10.3.1/../../../../arm-none-eabi/lib/thumb/v6-m/nofp\libcr_c.a(fseek.o)
                0x00002e30                fseek
 .text.ftell    0x00002f20       0x48 c:/nxp/mcuxpressoide_11.6.0_8187/ide/plugins/com.nxp.mcuxpresso.tools.win32_11.6.0.202112161359/tools/bin/../lib/gcc/arm-none-eabi/10.3.1/../../../../arm-none-eabi/lib/thumb/v6-m/nofp\libcr_c.a(ftell.o)
                0x00002f20                ftell
 .text._do_fflush
                0x00002f68       0x48 c:/nxp/mcuxpressoide_11.6.0_8187/ide/plugins/com.nxp.mcuxpresso.tools.win32_11.6.0.202112161359/tools/bin/../lib/gcc/arm-none-eabi/10.3.1/../../../../arm-none-eabi/lib/thumb/v6-m/nofp\libcr_c.a(_do_fflush.o)
                0x00002f68                _do_fflush
 .text._fflush  0x00002fb0       0x60 c:/nxp/mcuxpressoide_11.6.0_8187/ide/plugins/com.nxp.mcuxpresso.tools.win32_11.6.0.202112161359/tools/bin/../lib/gcc/arm-none-eabi/10.3.1/../../../../arm-none-eabi/lib/thumb/v6-m/nofp\libcr_c.a(_fflush.o)
                0x00002fb0                _fflush
 .text._Cwritebuf
                0x00003010       0x68 c:/nxp/mcuxpressoide_11.6.0_8187/ide/plugins/com.nxp.mcuxpresso.tools.win32_11.6.0.202112161359/tools/bin/../lib/gcc/arm-none-eabi/10.3.1/../../../../arm-none-eabi/lib/thumb/v6-m/nofp\libcr_c.a(_writebuf.o)
                0x00003010                _Cwritebuf
 .text._deferredlazyseek
                0x00003078       0x40 c:/nxp/mcuxpressoide_11.6.0_8187/ide/plugins/com.nxp.mcuxpresso.tools.win32_11.6.0.202112161359/tools/bin/../lib/gcc/arm-none-eabi/10.3.1/../../../../arm-none-eabi/lib/thumb/v6-m/nofp\libcr_c.a(_deferredlazyseek.o)
                0x00003078                _deferredlazyseek
 .text.__aeabi_dmul
                0x000030b8      0x184 c:/nxp/mcuxpressoide_11.6.0_8187/ide/plugins/com.nxp.mcuxpresso.tools.win32_11.6.0.202112161359/tools/bin/../lib/gcc/arm-none-eabi/10.3.1/thumb/v6-m/nofp\libcr_eabihelpers.a(double.o)
                0x000030b8                __aeabi_dmul
 .text.__aeabi_ddiv
                0x0000323c      0x14c c:/nxp/mcuxpressoide_11.6.0_8187/ide/plugins/com.nxp.mcuxpresso.tools.win32_11.6.0.202112161359/tools/bin/../lib/gcc/arm-none-eabi/10.3.1/thumb/v6-m/nofp\libcr_eabihelpers.a(double.o)
                0x0000323c                __aeabi_ddiv
 .text.__aeabi_dsub
                0x00003388      0x1c0 c:/nxp/mcuxpressoide_11.6.0_8187/ide/plugins/com.nxp.mcuxpresso.tools.win32_11.6.0.202112161359/tools/bin/../lib/gcc/arm-none-eabi/10.3.1/thumb/v6-m/nofp\libcr_eabihelpers.a(double.o)
                0x00003388                __aeabi_dsub
 .text.__aeabi_dadd
                0x00003548      0x134 c:/nxp/mcuxpressoide_11.6.0_8187/ide/plugins/com.nxp.mcuxpresso.tools.win32_11.6.0.202112161359/tools/bin/../lib/gcc/arm-none-eabi/10.3.1/thumb/v6-m/nofp\libcr_eabihelpers.a(double.o)
                0x00003548                __aeabi_dadd
 .text.__aeabi_d2f
                0x0000367c       0x60 c:/nxp/mcuxpressoide_11.6.0_8187/ide/plugins/com.nxp.mcuxpresso.tools.win32_11.6.0.202112161359/tools/bin/../lib/gcc/arm-none-eabi/10.3.1/thumb/v6-m/nofp\libcr_eabihelpers.a(double.o)
                0x0000367c                __aeabi_d2f
 .text.__aeabi_d2iz
                0x000036dc       0x50 c:/nxp/mcuxpressoide_11.6.0_8187/ide/plugins/com.nxp.mcuxpresso.tools.win32_11.6.0.202112161359/tools/bin/../lib/gcc/arm-none-eabi/10.3.1/thumb/v6-m/nofp\libcr_eabihelpers.a(double.o)
                0x000036dc                __aeabi_d2iz
 .text.__aeabi_dcmpeq
                0x0000372c       0x30 c:/nxp/mcuxpressoide_11.6.0_8187/ide/plugins/com.nxp.mcuxpresso.tools.win32_11.6.0.202112161359/tools/bin/../lib/gcc/arm-none-eabi/10.3.1/thumb/v6-m/nofp\libcr_eabihelpers.a(double.o)
                0x0000372c                __aeabi_dcmpeq
 .text.__aeabi_dcmplt
                0x0000375c       0x60 c:/nxp/mcuxpressoide_11.6.0_8187/ide/plugins/com.nxp.mcuxpresso.tools.win32_11.6.0.202112161359/tools/bin/../lib/gcc/arm-none-eabi/10.3.1/thumb/v6-m/nofp\libcr_eabihelpers.a(double.o)
                0x0000375c                __aeabi_dcmplt
 .text.__aeabi_dcmpgt
                0x000037bc       0x5c c:/nxp/mcuxpressoide_11.6.0_8187/ide/plugins/com.nxp.mcuxpresso.tools.win32_11.6.0.202112161359/tools/bin/../lib/gcc/arm-none-eabi/10.3.1/thumb/v6-m/nofp\libcr_eabihelpers.a(double.o)
                0x000037bc                __aeabi_dcmpgt
 .text.__aeabi_dcmple
                0x00003818       0x5c c:/nxp/mcuxpressoide_11.6.0_8187/ide/plugins/com.nxp.mcuxpresso.tools.win32_11.6.0.202112161359/tools/bin/../lib/gcc/arm-none-eabi/10.3.1/thumb/v6-m/nofp\libcr_eabihelpers.a(double.o)
                0x00003818                __aeabi_dcmple
 .text.__aeabi_fmul
                0x00003874       0xc0 c:/nxp/mcuxpressoide_11.6.0_8187/ide/plugins/com.nxp.mcuxpresso.tools.win32_11.6.0.202112161359/tools/bin/../lib/gcc/arm-none-eabi/10.3.1/thumb/v6-m/nofp\libcr_eabihelpers.a(float.o)
                0x00003874                __aeabi_fmul
 .text.__aeabi_fsub
                0x00003934      0x128 c:/nxp/mcuxpressoide_11.6.0_8187/ide/plugins/com.nxp.mcuxpresso.tools.win32_11.6.0.202112161359/tools/bin/../lib/gcc/arm-none-eabi/10.3.1/thumb/v6-m/nofp\libcr_eabihelpers.a(float.o)
                0x00003934                __aeabi_fsub
 .text.__aeabi_fadd
                0x00003a5c       0xac c:/nxp/mcuxpressoide_11.6.0_8187/ide/plugins/com.nxp.mcuxpresso.tools.win32_11.6.0.202112161359/tools/bin/../lib/gcc/arm-none-eabi/10.3.1/thumb/v6-m/nofp\libcr_eabihelpers.a(float.o)
                0x00003a5c                __aeabi_fadd
 .text.__aeabi_f2iz
                0x00003b08       0x3c c:/nxp/mcuxpressoide_11.6.0_8187/ide/plugins/com.nxp.mcuxpresso.tools.win32_11.6.0.202112161359/tools/bin/../lib/gcc/arm-none-eabi/10.3.1/thumb/v6-m/nofp\libcr_eabihelpers.a(float.o)
                0x00003b08                __aeabi_f2iz
 .text.__aeabi_f2d
                0x00003b44       0x40 c:/nxp/mcuxpressoide_11.6.0_8187/ide/plugins/com.nxp.mcuxpresso.tools.win32_11.6.0.202112161359/tools/bin/../lib/gcc/arm-none-eabi/10.3.1/thumb/v6-m/nofp\libcr_eabihelpers.a(float.o)
                0x00003b44                __aeabi_f2d
 .text.UART_EnableTx
                0x00003b84       0x40 ./utilities/fsl_debug_console.o
 .text.UART_EnableRx
                0x00003bc4       0x40 ./utilities/fsl_debug_console.o
 .text.LPSCI_EnableTx
                0x00003c04       0x40 ./utilities/fsl_debug_console.o
 .text.LPSCI_EnableRx
                0x00003c44       0x40 ./utilities/fsl_debug_console.o
 .text.DbgConsole_PrintfPaddingCharacter
                0x00003c84       0x48 ./utilities/fsl_debug_console.o
 .text.DbgConsole_ConvertRadixNumToString
                0x00003ccc      0x114 ./utilities/fsl_debug_console.o
 .text.DbgConsole_PrintfFormattedData
                0x00003de0      0x33a ./utilities/fsl_debug_console.o
 .text.init_mma
                0x0000411a       0x16 ./source/mma8451.o
                0x0000411a                init_mma
 .text.OSC_SetExtRefClkConfig
                0x00004130       0x3e ./drivers/fsl_clock.o
 .text.OSC_SetCapLoad
                0x0000416e       0x42 ./drivers/fsl_clock.o
 .text.CLOCK_GetPll0RefFreq
                0x000041b0       0x10 ./drivers/fsl_clock.o
 .text.CLOCK_SetExternalRefClkConfig
                0x000041c0       0x16 ./drivers/fsl_clock.o
                0x000041c0                CLOCK_SetExternalRefClkConfig
 .text.LPSCI_GetStatusFlags
                0x000041d6       0x26 ./drivers/fsl_lpsci.o
                0x000041d6                LPSCI_GetStatusFlags
 .text.UART_GetStatusFlags
                0x000041fc       0x26 ./drivers/fsl_uart.o
                0x000041fc                UART_GetStatusFlags
 .text.UART_WriteBlocking
                0x00004222       0x3c ./drivers/fsl_uart.o
                0x00004222                UART_WriteBlocking
 .text.BOARD_InitBootClocks
                0x0000425e        0xe ./board/clock_config.o
                0x0000425e                BOARD_InitBootClocks
 .text.BOARD_InitBootPeripherals
                0x0000426c        0xa ./board/peripherals.o
                0x0000426c                BOARD_InitBootPeripherals
 .text.BOARD_InitBootPins
                0x00004276        0xe ./board/pin_mux.o
                0x00004276                BOARD_InitBootPins
 .text.__main   0x00004284        0xc c:/nxp/mcuxpressoide_11.6.0_8187/ide/plugins/com.nxp.mcuxpresso.tools.win32_11.6.0.202112161359/tools/bin/../lib/gcc/arm-none-eabi/10.3.1/../../../../arm-none-eabi/lib/thumb/v6-m/nofp\libcr_nohost_nf.a(_cr__main.o)
                0x00004284                __main
 .text.memset   0x00004290        0x8 c:/nxp/mcuxpressoide_11.6.0_8187/ide/plugins/com.nxp.mcuxpresso.tools.win32_11.6.0.202112161359/tools/bin/../lib/gcc/arm-none-eabi/10.3.1/../../../../arm-none-eabi/lib/thumb/v6-m/nofp\libcr_c.a(memset.o)
                0x00004290                memset
 .text.fabs     0x00004298       0x22 c:/nxp/mcuxpressoide_11.6.0_8187/ide/plugins/com.nxp.mcuxpresso.tools.win32_11.6.0.202112161359/tools/bin/../lib/gcc/arm-none-eabi/10.3.1/../../../../arm-none-eabi/lib/thumb/v6-m/nofp\libcr_c.a(fabs.o)
                0x00004298                fabs
 .text.remove   0x000042ba       0x12 c:/nxp/mcuxpressoide_11.6.0_8187/ide/plugins/com.nxp.mcuxpresso.tools.win32_11.6.0.202112161359/tools/bin/../lib/gcc/arm-none-eabi/10.3.1/../../../../arm-none-eabi/lib/thumb/v6-m/nofp\libcr_c.a(remove.o)
                0x000042ba                remove
 .text.free     0x000042cc       0x2c c:/nxp/mcuxpressoide_11.6.0_8187/ide/plugins/com.nxp.mcuxpresso.tools.win32_11.6.0.202112161359/tools/bin/../lib/gcc/arm-none-eabi/10.3.1/../../../../arm-none-eabi/lib/thumb/v6-m/nofp\libcr_c.a(alloc.o)
                0x000042cc                free
 .text.__aeabi_division_idivmod
                0x000042f8       0x78 c:/nxp/mcuxpressoide_11.6.0_8187/ide/plugins/com.nxp.mcuxpresso.tools.win32_11.6.0.202112161359/tools/bin/../lib/gcc/arm-none-eabi/10.3.1/thumb/v6-m/nofp\libcr_eabihelpers.a(division_32.o)
                0x000042f8                __aeabi_idivmod
                0x000042f8                __aeabi_idiv
                0x000042fe                __aeabi_uidivmod
                0x000042fe                __aeabi_uidiv
 .text.__aeabi_division_idiv0
                0x00004370        0x2 c:/nxp/mcuxpressoide_11.6.0_8187/ide/plugins/com.nxp.mcuxpresso.tools.win32_11.6.0.202112161359/tools/bin/../lib/gcc/arm-none-eabi/10.3.1/thumb/v6-m/nofp\libcr_eabihelpers.a(division_idiv0.o)
                0x00004370                __aeabi_idiv0
 .text.__bhs_ui2d
                0x00004372       0x5e c:/nxp/mcuxpressoide_11.6.0_8187/ide/plugins/com.nxp.mcuxpresso.tools.win32_11.6.0.202112161359/tools/bin/../lib/gcc/arm-none-eabi/10.3.1/thumb/v6-m/nofp\libcr_eabihelpers.a(double.o)
                0x00004372                __bhs_ui2d
 .text.__aeabi_i2d
                0x000043d0       0x18 c:/nxp/mcuxpressoide_11.6.0_8187/ide/plugins/com.nxp.mcuxpresso.tools.win32_11.6.0.202112161359/tools/bin/../lib/gcc/arm-none-eabi/10.3.1/thumb/v6-m/nofp\libcr_eabihelpers.a(double.o)
                0x000043d0                __aeabi_i2d
 .text.__aeabi_fcmplt
                0x000043e8       0x42 c:/nxp/mcuxpressoide_11.6.0_8187/ide/plugins/com.nxp.mcuxpresso.tools.win32_11.6.0.202112161359/tools/bin/../lib/gcc/arm-none-eabi/10.3.1/thumb/v6-m/nofp\libcr_eabihelpers.a(float.o)
                0x000043e8                __aeabi_fcmplt
 .text.__aeabi_fcmpgt
                0x0000442a       0x3e c:/nxp/mcuxpressoide_11.6.0_8187/ide/plugins/com.nxp.mcuxpresso.tools.win32_11.6.0.202112161359/tools/bin/../lib/gcc/arm-none-eabi/10.3.1/thumb/v6-m/nofp\libcr_eabihelpers.a(float.o)
                0x0000442a                __aeabi_fcmpgt
 .text.__aeabi_llong_lmul
                0x00004468       0x2e c:/nxp/mcuxpressoide_11.6.0_8187/ide/plugins/com.nxp.mcuxpresso.tools.win32_11.6.0.202112161359/tools/bin/../lib/gcc/arm-none-eabi/10.3.1/thumb/v6-m/nofp\libcr_eabihelpers.a(llong.o)
                0x00004468                __aeabi_lmul
 .text.__aeabi_memset_lowlevel
                0x00004496       0x2a c:/nxp/mcuxpressoide_11.6.0_8187/ide/plugins/com.nxp.mcuxpresso.tools.win32_11.6.0.202112161359/tools/bin/../lib/gcc/arm-none-eabi/10.3.1/thumb/v6-m/nofp\libcr_eabihelpers.a(memcpy.o)
                0x00004496                __aeabi_lowlevel_memset
 .text.__sys_close
                0x000044c0        0x6 c:/nxp/mcuxpressoide_11.6.0_8187/ide/plugins/com.nxp.mcuxpresso.tools.win32_11.6.0.202112161359/tools/bin/../lib/gcc/arm-none-eabi/10.3.1/../../../../arm-none-eabi/lib/thumb/v6-m/nofp\libcr_nohost_nf.a(__sys_close.o)
                0x000044c0                __sys_close
 .text.__sys_flen
                0x000044c6        0x6 c:/nxp/mcuxpressoide_11.6.0_8187/ide/plugins/com.nxp.mcuxpresso.tools.win32_11.6.0.202112161359/tools/bin/../lib/gcc/arm-none-eabi/10.3.1/../../../../arm-none-eabi/lib/thumb/v6-m/nofp\libcr_nohost_nf.a(__sys_flen.o)
                0x000044c6                __sys_flen
 .text.__sys_istty
                0x000044cc        0x6 c:/nxp/mcuxpressoide_11.6.0_8187/ide/plugins/com.nxp.mcuxpresso.tools.win32_11.6.0.202112161359/tools/bin/../lib/gcc/arm-none-eabi/10.3.1/../../../../arm-none-eabi/lib/thumb/v6-m/nofp\libcr_nohost_nf.a(__sys_istty.o)
                0x000044cc                __sys_istty
 .text.__sys_remove
                0x000044d2        0x6 c:/nxp/mcuxpressoide_11.6.0_8187/ide/plugins/com.nxp.mcuxpresso.tools.win32_11.6.0.202112161359/tools/bin/../lib/gcc/arm-none-eabi/10.3.1/../../../../arm-none-eabi/lib/thumb/v6-m/nofp\libcr_nohost_nf.a(__sys_remove.o)
                0x000044d2                __sys_remove
 .text.__sys_seek
                0x000044d8        0x6 c:/nxp/mcuxpressoide_11.6.0_8187/ide/plugins/com.nxp.mcuxpresso.tools.win32_11.6.0.202112161359/tools/bin/../lib/gcc/arm-none-eabi/10.3.1/../../../../arm-none-eabi/lib/thumb/v6-m/nofp\libcr_nohost_nf.a(__sys_seek.o)
                0x000044d8                __sys_seek
 .text.__sys_tmpnam
                0x000044de        0x6 c:/nxp/mcuxpressoide_11.6.0_8187/ide/plugins/com.nxp.mcuxpresso.tools.win32_11.6.0.202112161359/tools/bin/../lib/gcc/arm-none-eabi/10.3.1/../../../../arm-none-eabi/lib/thumb/v6-m/nofp\libcr_nohost_nf.a(__sys_tmpnam.o)
                0x000044de                __sys_tmpnam
 .text.__sys_write
                0x000044e4        0x4 c:/nxp/mcuxpressoide_11.6.0_8187/ide/plugins/com.nxp.mcuxpresso.tools.win32_11.6.0.202112161359/tools/bin/../lib/gcc/arm-none-eabi/10.3.1/../../../../arm-none-eabi/lib/thumb/v6-m/nofp\libcr_nohost_nf.a(__sys_write.o)
                0x000044e4                __sys_write
 *(SORT_BY_ALIGNMENT(.rodata) SORT_BY_ALIGNMENT(.rodata.*) SORT_BY_ALIGNMENT(.constdata) SORT_BY_ALIGNMENT(.constdata.*))
 .rodata.a.0    0x000044e8       0x20 c:/nxp/mcuxpressoide_11.6.0_8187/ide/plugins/com.nxp.mcuxpresso.tools.win32_11.6.0.202112161359/tools/bin/../lib/gcc/arm-none-eabi/10.3.1/../../../../arm-none-eabi/lib/thumb/v6-m/nofp\libcr_c.a(atan.o)
 .rodata.main.str1.4
                0x00004508       0x8b ./source/PES_final_project.o
 *fill*         0x00004593        0x1 ff
 .rodata.test_i2c.str1.4
                0x00004594       0x43 ./source/test.o
 *fill*         0x000045d7        0x1 ff
 .rodata.range_test.str1.4
                0x000045d8       0xfb ./source/test.o
 *fill*         0x000046d3        0x1 ff
 .rodata.CLOCK_GetMcgExtClkFreq.str1.4
                0x000046d4       0x1e ./drivers/fsl_clock.o
 *fill*         0x000046f2        0x2 ff
 .rodata.CLOCK_GetPll0Freq.str1.4
                0x000046f4       0x1d ./drivers/fsl_clock.o
 *fill*         0x00004711        0x3 ff
 .rodata.CLOCK_EnablePll0.str1.4
                0x00004714       0x19 ./drivers/fsl_clock.o
 *fill*         0x0000472d        0x3 ff
 .rodata.CLOCK_SetPbeMode.str1.4
                0x00004730       0x1a ./drivers/fsl_clock.o
 *fill*         0x0000474a        0x2 ff
 .rodata.CLOCK_BootToPeeMode.str1.4
                0x0000474c       0x1a ./drivers/fsl_clock.o
 *fill*         0x00004766        0x2 ff
 .rodata.fllFactorTable.1
                0x00004768       0x10 ./drivers/fsl_clock.o
 .rodata.__assertion_failed.str1.4
                0x00004778        0x4 ./drivers/fsl_common.o
 .rodata.LPSCI_GetInstance.str1.4
                0x0000477c       0x36 ./drivers/fsl_lpsci.o
 *fill*         0x000047b2        0x2 ff
 .rodata.LPSCI_Init.str1.4
                0x000047b4       0x43 ./drivers/fsl_lpsci.o
 *fill*         0x000047f7        0x1 ff
 .rodata.LPSCI_GetDefaultConfig.str1.4
                0x000047f8       0x19 ./drivers/fsl_lpsci.o
 *fill*         0x00004811        0x3 ff
 .rodata.LPSCI_WriteBlocking.str1.4
                0x00004814       0x17 ./drivers/fsl_lpsci.o
 *fill*         0x0000482b        0x1 ff
 .rodata.LPSCI_ReadBlocking.str1.4
                0x0000482c       0x17 ./drivers/fsl_lpsci.o
 *fill*         0x00004843        0x1 ff
 .rodata.s_uartBases
                0x00004844        0xc ./drivers/fsl_uart.o
 .rodata.s_uartClock
                0x00004850        0xc ./drivers/fsl_uart.o
 .rodata.UART_GetInstance.str1.4
                0x0000485c       0x2b ./drivers/fsl_uart.o
 *fill*         0x00004887        0x1 ff
 .rodata.UART_Init.str1.4
                0x00004888       0x3e ./drivers/fsl_uart.o
 *fill*         0x000048c6        0x2 ff
 .rodata.UART_GetDefaultConfig.str1.4
                0x000048c8       0x18 ./drivers/fsl_uart.o
 .rodata.UART_ReadBlocking.str1.4
                0x000048e0       0x16 ./drivers/fsl_uart.o
 *fill*         0x000048f6        0x2 ff
 .rodata.mcgConfig_BOARD_BootClockRUN
                0x000048f8        0xa ./board/clock_config.o
                0x000048f8                mcgConfig_BOARD_BootClockRUN
 *fill*         0x00004902        0x2 ff
 .rodata.simConfig_BOARD_BootClockRUN
                0x00004904        0x8 ./board/clock_config.o
                0x00004904                simConfig_BOARD_BootClockRUN
 .rodata.oscConfig_BOARD_BootClockRUN
                0x0000490c        0x8 ./board/clock_config.o
                0x0000490c                oscConfig_BOARD_BootClockRUN
 .rodata.__num_Ciob_streams
                0x00004914        0x4 c:/nxp/mcuxpressoide_11.6.0_8187/ide/plugins/com.nxp.mcuxpresso.tools.win32_11.6.0.202112161359/tools/bin/../lib/gcc/arm-none-eabi/10.3.1/../../../../arm-none-eabi/lib/thumb/v6-m/nofp\libcr_nohost_nf.a(__ciob.o)
                0x00004914                __num_Ciob_streams
 .rodata._initio.str1.1
                0x00004918        0x4 c:/nxp/mcuxpressoide_11.6.0_8187/ide/plugins/com.nxp.mcuxpresso.tools.win32_11.6.0.202112161359/tools/bin/../lib/gcc/arm-none-eabi/10.3.1/../../../../arm-none-eabi/lib/thumb/v6-m/nofp\libcr_c.a(initio.o)
                0x0000491c                . = ALIGN (0x4)
                0x0000491c                _etext = .

.glue_7         0x0000491c        0x0
 .glue_7        0x0000491c        0x0 linker stubs

.glue_7t        0x0000491c        0x0
 .glue_7t       0x0000491c        0x0 linker stubs

.vfp11_veneer   0x0000491c        0x0
 .vfp11_veneer  0x0000491c        0x0 linker stubs

.v4_bx          0x0000491c        0x0
 .v4_bx         0x0000491c        0x0 linker stubs

.iplt           0x0000491c        0x0
 .iplt          0x0000491c        0x0 ./utilities/fsl_debug_console.o

.rel.dyn        0x0000491c        0x0
 .rel.iplt      0x0000491c        0x0 ./utilities/fsl_debug_console.o

.m_usb_data
 *(SORT_BY_ALIGNMENT(m_usb_bdt))

.mtb_buffer_default
                0x1ffff000       0x80
 *(SORT_BY_ALIGNMENT(.mtb*))
 .mtb.$RAM1     0x1ffff000       0x80 ./source/mtb.o
                0x1ffff000                __mtb_buffer__

.uninit_RESERVED
                0x1ffff080        0x0
                0x1ffff080                _start_uninit_RESERVED = .
 *(SORT_BY_ALIGNMENT(.bss.$RESERVED*))
                0x1ffff080                . = ALIGN (0x4)
                0x1ffff080                _end_uninit_RESERVED = .

.data           0x1ffff080        0x8 load address 0x0000491c
 FILL mask 0xff
                0x1ffff080                _data = .
                [!provide]                PROVIDE (__start_data_RAM = .)
                [!provide]                PROVIDE (__start_data_SRAM = .)
 *(SORT_BY_ALIGNMENT(vtable))
 *(SORT_BY_ALIGNMENT(.ramfunc*))
 *(SORT_BY_ALIGNMENT(CodeQuickAccess))
 *(SORT_BY_ALIGNMENT(DataQuickAccess))
 *(SORT_BY_ALIGNMENT(RamFunction))
 *(SORT_BY_ALIGNMENT(.data*))
 .data.s_slowIrcFreq
                0x1ffff080        0x4 ./drivers/fsl_clock.o
 .data.SystemCoreClock
                0x1ffff084        0x4 ./CMSIS/system_MKL25Z4.o
                0x1ffff084                SystemCoreClock
                0x1ffff088                . = ALIGN (0x4)
                0x1ffff088                _edata = .
                [!provide]                PROVIDE (__end_data_RAM = .)
                [!provide]                PROVIDE (__end_data_SRAM = .)

.igot.plt       0x1ffff088        0x0 load address 0x00004924
 .igot.plt      0x1ffff088        0x0 ./utilities/fsl_debug_console.o

.bss            0x1ffff088      0x100
                0x1ffff088                _bss = .
                [!provide]                PROVIDE (__start_bss_RAM = .)
                [!provide]                PROVIDE (__start_bss_SRAM = .)
 *(SORT_BY_ALIGNMENT(.bss*))
 .bss.s_debugConsole
                0x1ffff088       0x10 ./utilities/fsl_debug_console.o
 .bss.switch_flag
                0x1ffff098        0x4 ./source/PES_final_project.o
                0x1ffff098                switch_flag
 .bss.lock_detect
                0x1ffff09c        0x4 ./source/i2c.o
                0x1ffff09c                lock_detect
 .bss.i2c_lock  0x1ffff0a0        0x4 ./source/i2c.o
                0x1ffff0a0                i2c_lock
 .bss.start_time
                0x1ffff0a4        0x4 ./source/systick.o
                0x1ffff0a4                start_time
 .bss.total_time
                0x1ffff0a8        0x4 ./source/systick.o
                0x1ffff0a8                total_time
 .bss.g_xtal0Freq
                0x1ffff0ac        0x4 ./drivers/fsl_clock.o
                0x1ffff0ac                g_xtal0Freq
 .bss.s_lpsciHandle
                0x1ffff0b0        0x4 ./drivers/fsl_lpsci.o
 .bss.s_lpsciIsr
                0x1ffff0b4        0x4 ./drivers/fsl_lpsci.o
 .bss.s_uartHandle
                0x1ffff0b8        0xc ./drivers/fsl_uart.o
 .bss.s_uartIsr
                0x1ffff0c4        0x4 ./drivers/fsl_uart.o
 .bss.errno     0x1ffff0c8        0x4 c:/nxp/mcuxpressoide_11.6.0_8187/ide/plugins/com.nxp.mcuxpresso.tools.win32_11.6.0.202112161359/tools/bin/../lib/gcc/arm-none-eabi/10.3.1/../../../../arm-none-eabi/lib/thumb/v6-m/nofp\libcr_c.a(errno.o)
                0x1ffff0c8                errno
 .bss.__Ciob    0x1ffff0cc       0xb4 c:/nxp/mcuxpressoide_11.6.0_8187/ide/plugins/com.nxp.mcuxpresso.tools.win32_11.6.0.202112161359/tools/bin/../lib/gcc/arm-none-eabi/10.3.1/../../../../arm-none-eabi/lib/thumb/v6-m/nofp\libcr_nohost_nf.a(__ciob.o)
                0x1ffff0cc                __Ciob
 .bss.acc_X     0x1ffff180        0x2 ./source/mma8451.o
                0x1ffff180                acc_X
 .bss.acc_Y     0x1ffff182        0x2 ./source/mma8451.o
                0x1ffff182                acc_Y
 .bss.acc_Z     0x1ffff184        0x2 ./source/mma8451.o
                0x1ffff184                acc_Z
 *(SORT_BY_ALIGNMENT(COMMON))
                0x1ffff188                . = ALIGN (0x4)
 *fill*         0x1ffff186        0x2 
                0x1ffff188                _ebss = .
                [!provide]                PROVIDE (__end_bss_RAM = .)
                [!provide]                PROVIDE (__end_bss_SRAM = .)
                [!provide]                PROVIDE (end = .)

.noinit         0x1ffff188        0x0
                0x1ffff188                _noinit = .
                [!provide]                PROVIDE (__start_noinit_RAM = .)
                [!provide]                PROVIDE (__start_noinit_SRAM = .)
 *(SORT_BY_ALIGNMENT(.noinit*))
                0x1ffff188                . = ALIGN (0x4)
                0x1ffff188                _end_noinit = .
                [!provide]                PROVIDE (__end_noinit_RAM = .)
                [!provide]                PROVIDE (__end_noinit_SRAM = .)

.ARM.extab
 *(SORT_BY_ALIGNMENT(.ARM.extab*) SORT_BY_ALIGNMENT(.gnu.linkonce.armextab.*))

.ARM.exidx      0x00004924        0x0
                0x00004924                __exidx_start = .
 *(SORT_BY_ALIGNMENT(.ARM.exidx*) SORT_BY_ALIGNMENT(.gnu.linkonce.armexidx.*))
                0x00004924                __exidx_end = .
                0x00000400                _HeapSize = 0x400

.heap           0x1ffff188      0x400
                0x1ffff188                _pvHeapStart = .
                0x1ffff588                . = (. + _HeapSize)
 *fill*         0x1ffff188      0x400 
                0x1ffff588                . = ALIGN (0x4)
                0x1ffff588                _pvHeapLimit = .
                0x00000400                _StackSize = 0x400

.heap2stackfill
                0x1ffff588      0x400
                0x1ffff988                . = (. + _StackSize)
 *fill*         0x1ffff588      0x400 

.stack          0x20002c00        0x0
                0x20002c00                _vStackBase = .
                0x20002c00                . = ALIGN (0x4)
                0x20003000                _vStackTop = (. + _StackSize)
                0x00000000                _image_start = LOADADDR (.text)
                0x00004924                _image_end = (LOADADDR (.data) + SIZEOF (.data))
                0x00004924                _image_size = (_image_end - _image_start)
OUTPUT(PES_final_project.axf elf32-littlearm)
LOAD linker stubs

.debug_info     0x00000000     0x9223
 .debug_info    0x00000000      0xe16 ./utilities/fsl_debug_console.o
 .debug_info    0x00000e16      0x4eb ./startup/startup_mkl25z4.o
 .debug_info    0x00001301      0x2ac ./source/PES_final_project.o
 .debug_info    0x000015ad       0xb0 ./source/delay.o
 .debug_info    0x0000165d      0x531 ./source/i2c.o
 .debug_info    0x00001b8e      0x36a ./source/mma8451.o
 .debug_info    0x00001ef8       0x53 ./source/mtb.o
 .debug_info    0x00001f4b      0x451 ./source/pwm.o
 .debug_info    0x0000239c       0x3c ./source/semihost_hardfault.o
 .debug_info    0x000023d8      0x714 ./source/switch.o
 .debug_info    0x00002aec      0x5bf ./source/systick.o
 .debug_info    0x000030ab       0x9b ./source/test.o
 .debug_info    0x00003146      0x30c ./source/touch_sensor.o
 .debug_info    0x00003452     0x1a5a ./drivers/fsl_clock.o
 .debug_info    0x00004eac      0x3e8 ./drivers/fsl_common.o
 .debug_info    0x00005294     0x140d ./drivers/fsl_lpsci.o
 .debug_info    0x000066a1     0x13ae ./drivers/fsl_uart.o
 .debug_info    0x00007a4f      0x394 ./board/board.o
 .debug_info    0x00007de3      0xabc ./board/clock_config.o
 .debug_info    0x0000889f       0x3c ./board/peripherals.o
 .debug_info    0x000088db      0x547 ./board/pin_mux.o
 .debug_info    0x00008e22      0x401 ./CMSIS/system_MKL25Z4.o

.debug_abbrev   0x00000000     0x1f76
 .debug_abbrev  0x00000000      0x2a5 ./utilities/fsl_debug_console.o
 .debug_abbrev  0x000002a5      0x198 ./startup/startup_mkl25z4.o
 .debug_abbrev  0x0000043d       0x9a ./source/PES_final_project.o
 .debug_abbrev  0x000004d7       0x7f ./source/delay.o
 .debug_abbrev  0x00000556      0x179 ./source/i2c.o
 .debug_abbrev  0x000006cf      0x10f ./source/mma8451.o
 .debug_abbrev  0x000007de       0x46 ./source/mtb.o
 .debug_abbrev  0x00000824      0x10a ./source/pwm.o
 .debug_abbrev  0x0000092e       0x31 ./source/semihost_hardfault.o
 .debug_abbrev  0x0000095f      0x1ab ./source/switch.o
 .debug_abbrev  0x00000b0a      0x196 ./source/systick.o
 .debug_abbrev  0x00000ca0       0x5f ./source/test.o
 .debug_abbrev  0x00000cff       0xf9 ./source/touch_sensor.o
 .debug_abbrev  0x00000df8      0x357 ./drivers/fsl_clock.o
 .debug_abbrev  0x0000114f      0x25b ./drivers/fsl_common.o
 .debug_abbrev  0x000013aa      0x2d7 ./drivers/fsl_lpsci.o
 .debug_abbrev  0x00001681      0x2f1 ./drivers/fsl_uart.o
 .debug_abbrev  0x00001972      0x11b ./board/board.o
 .debug_abbrev  0x00001a8d      0x201 ./board/clock_config.o
 .debug_abbrev  0x00001c8e       0x31 ./board/peripherals.o
 .debug_abbrev  0x00001cbf      0x189 ./board/pin_mux.o
 .debug_abbrev  0x00001e48      0x12e ./CMSIS/system_MKL25Z4.o

.debug_aranges  0x00000000      0x968
 .debug_aranges
                0x00000000       0x90 ./utilities/fsl_debug_console.o
 .debug_aranges
                0x00000090      0x160 ./startup/startup_mkl25z4.o
 .debug_aranges
                0x000001f0       0x20 ./source/PES_final_project.o
 .debug_aranges
                0x00000210       0x20 ./source/delay.o
 .debug_aranges
                0x00000230       0x58 ./source/i2c.o
 .debug_aranges
                0x00000288       0x40 ./source/mma8451.o
 .debug_aranges
                0x000002c8       0x18 ./source/mtb.o
 .debug_aranges
                0x000002e0       0x30 ./source/pwm.o
 .debug_aranges
                0x00000310       0x20 ./source/semihost_hardfault.o
 .debug_aranges
                0x00000330       0x48 ./source/switch.o
 .debug_aranges
                0x00000378       0x48 ./source/systick.o
 .debug_aranges
                0x000003c0       0x28 ./source/test.o
 .debug_aranges
                0x000003e8       0x28 ./source/touch_sensor.o
 .debug_aranges
                0x00000410      0x1d8 ./drivers/fsl_clock.o
 .debug_aranges
                0x000005e8       0x38 ./drivers/fsl_common.o
 .debug_aranges
                0x00000620      0x118 ./drivers/fsl_lpsci.o
 .debug_aranges
                0x00000738      0x130 ./drivers/fsl_uart.o
 .debug_aranges
                0x00000868       0x28 ./board/board.o
 .debug_aranges
                0x00000890       0x58 ./board/clock_config.o
 .debug_aranges
                0x000008e8       0x20 ./board/peripherals.o
 .debug_aranges
                0x00000908       0x38 ./board/pin_mux.o
 .debug_aranges
                0x00000940       0x28 ./CMSIS/system_MKL25Z4.o

.debug_ranges   0x00000000      0x800
 .debug_ranges  0x00000000       0x80 ./utilities/fsl_debug_console.o
 .debug_ranges  0x00000080      0x150 ./startup/startup_mkl25z4.o
 .debug_ranges  0x000001d0       0x10 ./source/PES_final_project.o
 .debug_ranges  0x000001e0       0x10 ./source/delay.o
 .debug_ranges  0x000001f0       0x48 ./source/i2c.o
 .debug_ranges  0x00000238       0x30 ./source/mma8451.o
 .debug_ranges  0x00000268       0x20 ./source/pwm.o
 .debug_ranges  0x00000288       0x10 ./source/semihost_hardfault.o
 .debug_ranges  0x00000298       0x38 ./source/switch.o
 .debug_ranges  0x000002d0       0x38 ./source/systick.o
 .debug_ranges  0x00000308       0x18 ./source/test.o
 .debug_ranges  0x00000320       0x18 ./source/touch_sensor.o
 .debug_ranges  0x00000338      0x1c8 ./drivers/fsl_clock.o
 .debug_ranges  0x00000500       0x28 ./drivers/fsl_common.o
 .debug_ranges  0x00000528      0x108 ./drivers/fsl_lpsci.o
 .debug_ranges  0x00000630      0x120 ./drivers/fsl_uart.o
 .debug_ranges  0x00000750       0x18 ./board/board.o
 .debug_ranges  0x00000768       0x48 ./board/clock_config.o
 .debug_ranges  0x000007b0       0x10 ./board/peripherals.o
 .debug_ranges  0x000007c0       0x28 ./board/pin_mux.o
 .debug_ranges  0x000007e8       0x18 ./CMSIS/system_MKL25Z4.o

.debug_macro    0x00000000     0xe70f
 .debug_macro   0x00000000      0x127 ./utilities/fsl_debug_console.o
 .debug_macro   0x00000127      0xa84 ./utilities/fsl_debug_console.o
 .debug_macro   0x00000bab       0x10 ./utilities/fsl_debug_console.o
 .debug_macro   0x00000bbb       0x16 ./utilities/fsl_debug_console.o
 .debug_macro   0x00000bd1       0x10 ./utilities/fsl_debug_console.o
 .debug_macro   0x00000be1      0x12e ./utilities/fsl_debug_console.o
 .debug_macro   0x00000d0f       0x28 ./utilities/fsl_debug_console.o
 .debug_macro   0x00000d37       0xc4 ./utilities/fsl_debug_console.o
 .debug_macro   0x00000dfb       0x16 ./utilities/fsl_debug_console.o
 .debug_macro   0x00000e11       0x22 ./utilities/fsl_debug_console.o
 .debug_macro   0x00000e33      0x5b3 ./utilities/fsl_debug_console.o
 .debug_macro   0x000013e6       0x10 ./utilities/fsl_debug_console.o
 .debug_macro   0x000013f6       0x3f ./utilities/fsl_debug_console.o
 .debug_macro   0x00001435       0x3a ./utilities/fsl_debug_console.o
 .debug_macro   0x0000146f       0x26 ./utilities/fsl_debug_console.o
 .debug_macro   0x00001495      0x329 ./utilities/fsl_debug_console.o
 .debug_macro   0x000017be       0x30 ./utilities/fsl_debug_console.o
 .debug_macro   0x000017ee     0x51e2 ./utilities/fsl_debug_console.o
 .debug_macro   0x000069d0     0x1352 ./utilities/fsl_debug_console.o
 .debug_macro   0x00007d22       0x3a ./utilities/fsl_debug_console.o
 .debug_macro   0x00007d5c       0xf4 ./utilities/fsl_debug_console.o
 .debug_macro   0x00007e50       0x35 ./utilities/fsl_debug_console.o
 .debug_macro   0x00007e85       0x2e ./utilities/fsl_debug_console.o
 .debug_macro   0x00007eb3       0x10 ./utilities/fsl_debug_console.o
 .debug_macro   0x00007ec3       0x10 ./utilities/fsl_debug_console.o
 .debug_macro   0x00007ed3       0x29 ./startup/startup_mkl25z4.o
 .debug_macro   0x00007efc      0x1c4 ./source/PES_final_project.o
 .debug_macro   0x000080c0       0xd8 ./source/PES_final_project.o
 .debug_macro   0x00008198       0x16 ./source/PES_final_project.o
 .debug_macro   0x000081ae       0x10 ./source/PES_final_project.o
 .debug_macro   0x000081be      0x112 ./source/PES_final_project.o
 .debug_macro   0x000082d0       0x34 ./source/PES_final_project.o
 .debug_macro   0x00008304       0x88 ./source/delay.o
 .debug_macro   0x0000838c       0x3f ./source/delay.o
 .debug_macro   0x000083cb       0x34 ./source/delay.o
 .debug_macro   0x000083ff     0x51e2 ./source/delay.o
 .debug_macro   0x0000d5e1       0xce ./source/i2c.o
 .debug_macro   0x0000d6af      0x170 ./source/mma8451.o
 .debug_macro   0x0000d81f       0x2f ./source/mtb.o
 .debug_macro   0x0000d84e       0x82 ./source/mtb.o
 .debug_macro   0x0000d8d0       0x10 ./source/mtb.o
 .debug_macro   0x0000d8e0      0x121 ./source/pwm.o
 .debug_macro   0x0000da01       0x1c ./source/pwm.o
 .debug_macro   0x0000da1d       0x11 ./source/semihost_hardfault.o
 .debug_macro   0x0000da2e       0x9e ./source/switch.o
 .debug_macro   0x0000dacc      0x14f ./source/systick.o
 .debug_macro   0x0000dc1b      0x140 ./source/test.o
 .debug_macro   0x0000dd5b       0xc4 ./source/test.o
 .debug_macro   0x0000de1f       0x92 ./source/touch_sensor.o
 .debug_macro   0x0000deb1      0x196 ./drivers/fsl_clock.o
 .debug_macro   0x0000e047       0xef ./drivers/fsl_common.o
 .debug_macro   0x0000e136       0xec ./drivers/fsl_lpsci.o
 .debug_macro   0x0000e222       0xf2 ./drivers/fsl_uart.o
 .debug_macro   0x0000e314      0x112 ./board/board.o
 .debug_macro   0x0000e426      0x123 ./board/clock_config.o
 .debug_macro   0x0000e549       0x1b ./board/peripherals.o
 .debug_macro   0x0000e564      0x107 ./board/pin_mux.o
 .debug_macro   0x0000e66b       0x10 ./board/pin_mux.o
 .debug_macro   0x0000e67b       0x94 ./CMSIS/system_MKL25Z4.o

.debug_line     0x00000000     0x71e9
 .debug_line    0x00000000      0xc77 ./utilities/fsl_debug_console.o
 .debug_line    0x00000c77      0x1ed ./startup/startup_mkl25z4.o
 .debug_line    0x00000e64      0x4db ./source/PES_final_project.o
 .debug_line    0x0000133f      0x239 ./source/delay.o
 .debug_line    0x00001578      0x3c1 ./source/i2c.o
 .debug_line    0x00001939      0x51d ./source/mma8451.o
 .debug_line    0x00001e56       0xd1 ./source/mtb.o
 .debug_line    0x00001f27      0x402 ./source/pwm.o
 .debug_line    0x00002329       0x59 ./source/semihost_hardfault.o
 .debug_line    0x00002382      0x345 ./source/switch.o
 .debug_line    0x000026c7      0x4cd ./source/systick.o
 .debug_line    0x00002b94      0x3b8 ./source/test.o
 .debug_line    0x00002f4c      0x278 ./source/touch_sensor.o
 .debug_line    0x000031c4     0x12f0 ./drivers/fsl_clock.o
 .debug_line    0x000044b4      0x414 ./drivers/fsl_common.o
 .debug_line    0x000048c8      0xd69 ./drivers/fsl_lpsci.o
 .debug_line    0x00005631      0xd58 ./drivers/fsl_uart.o
 .debug_line    0x00006389      0x388 ./board/board.o
 .debug_line    0x00006711      0x3e1 ./board/clock_config.o
 .debug_line    0x00006af2       0x5c ./board/peripherals.o
 .debug_line    0x00006b4e      0x368 ./board/pin_mux.o
 .debug_line    0x00006eb6      0x333 ./CMSIS/system_MKL25Z4.o

.debug_str      0x00000000    0x363dd
 .debug_str     0x00000000    0x3138c ./utilities/fsl_debug_console.o
                              0x3162b (size before relaxing)
 .debug_str     0x0003138c      0x3cd ./startup/startup_mkl25z4.o
                               0x30c9 (size before relaxing)
 .debug_str     0x00031759      0xde1 ./source/PES_final_project.o
                              0x31bde (size before relaxing)
 .debug_str     0x0003253a       0x12 ./source/delay.o
                              0x28c0b (size before relaxing)
 .debug_str     0x0003254c      0x302 ./source/i2c.o
                              0x28f05 (size before relaxing)
 .debug_str     0x0003284e      0x12f ./source/mma8451.o
                              0x30f47 (size before relaxing)
 .debug_str     0x0003297d      0x532 ./source/mtb.o
                               0x31e9 (size before relaxing)
 .debug_str     0x00032eaf       0x61 ./source/pwm.o
                              0x30ede (size before relaxing)
 .debug_str     0x00032f10       0x1f ./source/semihost_hardfault.o
                               0x2cd6 (size before relaxing)
 .debug_str     0x00032f2f      0x2d4 ./source/switch.o
                              0x29021 (size before relaxing)
 .debug_str     0x00033203       0x93 ./source/systick.o
                              0x318a2 (size before relaxing)
 .debug_str     0x00033296       0x51 ./source/test.o
                              0x309fb (size before relaxing)
 .debug_str     0x000332e7       0x50 ./source/touch_sensor.o
                              0x28d32 (size before relaxing)
 .debug_str     0x00033337     0x1792 ./drivers/fsl_clock.o
                              0x3219e (size before relaxing)
 .debug_str     0x00034ac9      0x113 ./drivers/fsl_common.o
                              0x3076c (size before relaxing)
 .debug_str     0x00034bdc      0x961 ./drivers/fsl_lpsci.o
                              0x3178d (size before relaxing)
 .debug_str     0x0003553d      0x832 ./drivers/fsl_uart.o
                              0x317b0 (size before relaxing)
 .debug_str     0x00035d6f       0x4c ./board/board.o
                              0x30f65 (size before relaxing)
 .debug_str     0x00035dbb      0x3c1 ./board/clock_config.o
                              0x310cf (size before relaxing)
 .debug_str     0x0003617c       0x31 ./board/peripherals.o
                               0x2ce7 (size before relaxing)
 .debug_str     0x000361ad      0x1e1 ./board/pin_mux.o
                              0x30816 (size before relaxing)
 .debug_str     0x0003638e       0x4f ./CMSIS/system_MKL25Z4.o
                              0x2fb18 (size before relaxing)

.comment        0x00000000       0x49
 .comment       0x00000000       0x49 ./utilities/fsl_debug_console.o
                                 0x4a (size before relaxing)
 .comment       0x00000049       0x4a ./startup/startup_mkl25z4.o
 .comment       0x00000049       0x4a ./source/PES_final_project.o
 .comment       0x00000049       0x4a ./source/delay.o
 .comment       0x00000049       0x4a ./source/i2c.o
 .comment       0x00000049       0x4a ./source/mma8451.o
 .comment       0x00000049       0x4a ./source/mtb.o
 .comment       0x00000049       0x4a ./source/pwm.o
 .comment       0x00000049       0x4a ./source/semihost_hardfault.o
 .comment       0x00000049       0x4a ./source/switch.o
 .comment       0x00000049       0x4a ./source/systick.o
 .comment       0x00000049       0x4a ./source/test.o
 .comment       0x00000049       0x4a ./source/touch_sensor.o
 .comment       0x00000049       0x4a ./drivers/fsl_clock.o
 .comment       0x00000049       0x4a ./drivers/fsl_common.o
 .comment       0x00000049       0x4a ./drivers/fsl_lpsci.o
 .comment       0x00000049       0x4a ./drivers/fsl_uart.o
 .comment       0x00000049       0x4a ./board/board.o
 .comment       0x00000049       0x4a ./board/clock_config.o
 .comment       0x00000049       0x4a ./board/peripherals.o
 .comment       0x00000049       0x4a ./board/pin_mux.o
 .comment       0x00000049       0x4a ./CMSIS/system_MKL25Z4.o
 .comment       0x00000049       0x4a c:/nxp/mcuxpressoide_11.6.0_8187/ide/plugins/com.nxp.mcuxpresso.tools.win32_11.6.0.202112161359/tools/bin/../lib/gcc/arm-none-eabi/10.3.1/../../../../arm-none-eabi/lib/thumb/v6-m/nofp\libcr_nohost_nf.a(_cr__main.o)
 .comment       0x00000049       0x4a c:/nxp/mcuxpressoide_11.6.0_8187/ide/plugins/com.nxp.mcuxpresso.tools.win32_11.6.0.202112161359/tools/bin/../lib/gcc/arm-none-eabi/10.3.1/../../../../arm-none-eabi/lib/thumb/v6-m/nofp\libcr_c.a(memset.o)
 .comment       0x00000049       0x4a c:/nxp/mcuxpressoide_11.6.0_8187/ide/plugins/com.nxp.mcuxpresso.tools.win32_11.6.0.202112161359/tools/bin/../lib/gcc/arm-none-eabi/10.3.1/../../../../arm-none-eabi/lib/thumb/v6-m/nofp\libcr_c.a(atan2.o)
 .comment       0x00000049       0x4a c:/nxp/mcuxpressoide_11.6.0_8187/ide/plugins/com.nxp.mcuxpresso.tools.win32_11.6.0.202112161359/tools/bin/../lib/gcc/arm-none-eabi/10.3.1/../../../../arm-none-eabi/lib/thumb/v6-m/nofp\libcr_c.a(errno.o)
 .comment       0x00000049       0x4a c:/nxp/mcuxpressoide_11.6.0_8187/ide/plugins/com.nxp.mcuxpresso.tools.win32_11.6.0.202112161359/tools/bin/../lib/gcc/arm-none-eabi/10.3.1/../../../../arm-none-eabi/lib/thumb/v6-m/nofp\libcr_c.a(fabs.o)
 .comment       0x00000049       0x4a c:/nxp/mcuxpressoide_11.6.0_8187/ide/plugins/com.nxp.mcuxpresso.tools.win32_11.6.0.202112161359/tools/bin/../lib/gcc/arm-none-eabi/10.3.1/../../../../arm-none-eabi/lib/thumb/v6-m/nofp\libcr_c.a(initio.o)
 .comment       0x00000049       0x4a c:/nxp/mcuxpressoide_11.6.0_8187/ide/plugins/com.nxp.mcuxpresso.tools.win32_11.6.0.202112161359/tools/bin/../lib/gcc/arm-none-eabi/10.3.1/../../../../arm-none-eabi/lib/thumb/v6-m/nofp\libcr_c.a(setvbuf.o)
 .comment       0x00000049       0x4a c:/nxp/mcuxpressoide_11.6.0_8187/ide/plugins/com.nxp.mcuxpresso.tools.win32_11.6.0.202112161359/tools/bin/../lib/gcc/arm-none-eabi/10.3.1/../../../../arm-none-eabi/lib/thumb/v6-m/nofp\libcr_c.a(sqrt.o)
 .comment       0x00000049       0x4a c:/nxp/mcuxpressoide_11.6.0_8187/ide/plugins/com.nxp.mcuxpresso.tools.win32_11.6.0.202112161359/tools/bin/../lib/gcc/arm-none-eabi/10.3.1/../../../../arm-none-eabi/lib/thumb/v6-m/nofp\libcr_c.a(strlen.o)
 .comment       0x00000049       0x4a c:/nxp/mcuxpressoide_11.6.0_8187/ide/plugins/com.nxp.mcuxpresso.tools.win32_11.6.0.202112161359/tools/bin/../lib/gcc/arm-none-eabi/10.3.1/../../../../arm-none-eabi/lib/thumb/v6-m/nofp\libcr_c.a(_fdopen.o)
 .comment       0x00000049       0x4a c:/nxp/mcuxpressoide_11.6.0_8187/ide/plugins/com.nxp.mcuxpresso.tools.win32_11.6.0.202112161359/tools/bin/../lib/gcc/arm-none-eabi/10.3.1/../../../../arm-none-eabi/lib/thumb/v6-m/nofp\libcr_c.a(atan.o)
 .comment       0x00000049       0x4a c:/nxp/mcuxpressoide_11.6.0_8187/ide/plugins/com.nxp.mcuxpresso.tools.win32_11.6.0.202112161359/tools/bin/../lib/gcc/arm-none-eabi/10.3.1/../../../../arm-none-eabi/lib/thumb/v6-m/nofp\libcr_c.a(fclose.o)
 .comment       0x00000049       0x4a c:/nxp/mcuxpressoide_11.6.0_8187/ide/plugins/com.nxp.mcuxpresso.tools.win32_11.6.0.202112161359/tools/bin/../lib/gcc/arm-none-eabi/10.3.1/../../../../arm-none-eabi/lib/thumb/v6-m/nofp\libcr_c.a(fflush.o)
 .comment       0x00000049       0x4a c:/nxp/mcuxpressoide_11.6.0_8187/ide/plugins/com.nxp.mcuxpresso.tools.win32_11.6.0.202112161359/tools/bin/../lib/gcc/arm-none-eabi/10.3.1/../../../../arm-none-eabi/lib/thumb/v6-m/nofp\libcr_c.a(fseek.o)
 .comment       0x00000049       0x4a c:/nxp/mcuxpressoide_11.6.0_8187/ide/plugins/com.nxp.mcuxpresso.tools.win32_11.6.0.202112161359/tools/bin/../lib/gcc/arm-none-eabi/10.3.1/../../../../arm-none-eabi/lib/thumb/v6-m/nofp\libcr_c.a(ftell.o)
 .comment       0x00000049       0x4a c:/nxp/mcuxpressoide_11.6.0_8187/ide/plugins/com.nxp.mcuxpresso.tools.win32_11.6.0.202112161359/tools/bin/../lib/gcc/arm-none-eabi/10.3.1/../../../../arm-none-eabi/lib/thumb/v6-m/nofp\libcr_c.a(remove.o)
 .comment       0x00000049       0x4a c:/nxp/mcuxpressoide_11.6.0_8187/ide/plugins/com.nxp.mcuxpresso.tools.win32_11.6.0.202112161359/tools/bin/../lib/gcc/arm-none-eabi/10.3.1/../../../../arm-none-eabi/lib/thumb/v6-m/nofp\libcr_c.a(_do_fflush.o)
 .comment       0x00000049       0x4a c:/nxp/mcuxpressoide_11.6.0_8187/ide/plugins/com.nxp.mcuxpresso.tools.win32_11.6.0.202112161359/tools/bin/../lib/gcc/arm-none-eabi/10.3.1/../../../../arm-none-eabi/lib/thumb/v6-m/nofp\libcr_c.a(_fflush.o)
 .comment       0x00000049       0x4a c:/nxp/mcuxpressoide_11.6.0_8187/ide/plugins/com.nxp.mcuxpresso.tools.win32_11.6.0.202112161359/tools/bin/../lib/gcc/arm-none-eabi/10.3.1/../../../../arm-none-eabi/lib/thumb/v6-m/nofp\libcr_c.a(_writebuf.o)
 .comment       0x00000049       0x4a c:/nxp/mcuxpressoide_11.6.0_8187/ide/plugins/com.nxp.mcuxpresso.tools.win32_11.6.0.202112161359/tools/bin/../lib/gcc/arm-none-eabi/10.3.1/../../../../arm-none-eabi/lib/thumb/v6-m/nofp\libcr_c.a(alloc.o)
 .comment       0x00000049       0x4a c:/nxp/mcuxpressoide_11.6.0_8187/ide/plugins/com.nxp.mcuxpresso.tools.win32_11.6.0.202112161359/tools/bin/../lib/gcc/arm-none-eabi/10.3.1/../../../../arm-none-eabi/lib/thumb/v6-m/nofp\libcr_c.a(_deferredlazyseek.o)
 .comment       0x00000049       0x4a c:/nxp/mcuxpressoide_11.6.0_8187/ide/plugins/com.nxp.mcuxpresso.tools.win32_11.6.0.202112161359/tools/bin/../lib/gcc/arm-none-eabi/10.3.1/thumb/v6-m/nofp\libcr_eabihelpers.a(double.o)
 .comment       0x00000049       0x4a c:/nxp/mcuxpressoide_11.6.0_8187/ide/plugins/com.nxp.mcuxpresso.tools.win32_11.6.0.202112161359/tools/bin/../lib/gcc/arm-none-eabi/10.3.1/thumb/v6-m/nofp\libcr_eabihelpers.a(float.o)
 .comment       0x00000049       0x4a c:/nxp/mcuxpressoide_11.6.0_8187/ide/plugins/com.nxp.mcuxpresso.tools.win32_11.6.0.202112161359/tools/bin/../lib/gcc/arm-none-eabi/10.3.1/../../../../arm-none-eabi/lib/thumb/v6-m/nofp\libcr_nohost_nf.a(__ciob.o)
 .comment       0x00000049       0x4a c:/nxp/mcuxpressoide_11.6.0_8187/ide/plugins/com.nxp.mcuxpresso.tools.win32_11.6.0.202112161359/tools/bin/../lib/gcc/arm-none-eabi/10.3.1/../../../../arm-none-eabi/lib/thumb/v6-m/nofp\libcr_nohost_nf.a(__sys_close.o)
 .comment       0x00000049       0x4a c:/nxp/mcuxpressoide_11.6.0_8187/ide/plugins/com.nxp.mcuxpresso.tools.win32_11.6.0.202112161359/tools/bin/../lib/gcc/arm-none-eabi/10.3.1/../../../../arm-none-eabi/lib/thumb/v6-m/nofp\libcr_nohost_nf.a(__sys_flen.o)
 .comment       0x00000049       0x4a c:/nxp/mcuxpressoide_11.6.0_8187/ide/plugins/com.nxp.mcuxpresso.tools.win32_11.6.0.202112161359/tools/bin/../lib/gcc/arm-none-eabi/10.3.1/../../../../arm-none-eabi/lib/thumb/v6-m/nofp\libcr_nohost_nf.a(__sys_istty.o)
 .comment       0x00000049       0x4a c:/nxp/mcuxpressoide_11.6.0_8187/ide/plugins/com.nxp.mcuxpresso.tools.win32_11.6.0.202112161359/tools/bin/../lib/gcc/arm-none-eabi/10.3.1/../../../../arm-none-eabi/lib/thumb/v6-m/nofp\libcr_nohost_nf.a(__sys_remove.o)
 .comment       0x00000049       0x4a c:/nxp/mcuxpressoide_11.6.0_8187/ide/plugins/com.nxp.mcuxpresso.tools.win32_11.6.0.202112161359/tools/bin/../lib/gcc/arm-none-eabi/10.3.1/../../../../arm-none-eabi/lib/thumb/v6-m/nofp\libcr_nohost_nf.a(__sys_seek.o)
 .comment       0x00000049       0x4a c:/nxp/mcuxpressoide_11.6.0_8187/ide/plugins/com.nxp.mcuxpresso.tools.win32_11.6.0.202112161359/tools/bin/../lib/gcc/arm-none-eabi/10.3.1/../../../../arm-none-eabi/lib/thumb/v6-m/nofp\libcr_nohost_nf.a(__sys_tmpnam.o)
 .comment       0x00000049       0x4a c:/nxp/mcuxpressoide_11.6.0_8187/ide/plugins/com.nxp.mcuxpresso.tools.win32_11.6.0.202112161359/tools/bin/../lib/gcc/arm-none-eabi/10.3.1/../../../../arm-none-eabi/lib/thumb/v6-m/nofp\libcr_nohost_nf.a(__sys_write.o)

.ARM.attributes
                0x00000000       0x2a
 .ARM.attributes
                0x00000000       0x2c ./utilities/fsl_debug_console.o
 .ARM.attributes
                0x0000002c       0x2c ./startup/startup_mkl25z4.o
 .ARM.attributes
                0x00000058       0x2c ./source/PES_final_project.o
 .ARM.attributes
                0x00000084       0x2c ./source/delay.o
 .ARM.attributes
                0x000000b0       0x2c ./source/i2c.o
 .ARM.attributes
                0x000000dc       0x2c ./source/mma8451.o
 .ARM.attributes
                0x00000108       0x2c ./source/mtb.o
 .ARM.attributes
                0x00000134       0x2c ./source/pwm.o
 .ARM.attributes
                0x00000160       0x2c ./source/semihost_hardfault.o
 .ARM.attributes
                0x0000018c       0x2c ./source/switch.o
 .ARM.attributes
                0x000001b8       0x2c ./source/systick.o
 .ARM.attributes
                0x000001e4       0x2c ./source/test.o
 .ARM.attributes
                0x00000210       0x2c ./source/touch_sensor.o
 .ARM.attributes
                0x0000023c       0x2c ./drivers/fsl_clock.o
 .ARM.attributes
                0x00000268       0x2c ./drivers/fsl_common.o
 .ARM.attributes
                0x00000294       0x2c ./drivers/fsl_lpsci.o
 .ARM.attributes
                0x000002c0       0x2c ./drivers/fsl_uart.o
 .ARM.attributes
                0x000002ec       0x2c ./board/board.o
 .ARM.attributes
                0x00000318       0x2c ./board/clock_config.o
 .ARM.attributes
                0x00000344       0x2c ./board/peripherals.o
 .ARM.attributes
                0x00000370       0x2c ./board/pin_mux.o
 .ARM.attributes
                0x0000039c       0x2c ./CMSIS/system_MKL25Z4.o
 .ARM.attributes
                0x000003c8       0x2c c:/nxp/mcuxpressoide_11.6.0_8187/ide/plugins/com.nxp.mcuxpresso.tools.win32_11.6.0.202112161359/tools/bin/../lib/gcc/arm-none-eabi/10.3.1/../../../../arm-none-eabi/lib/thumb/v6-m/nofp\libcr_nohost_nf.a(_cr__main.o)
 .ARM.attributes
                0x000003f4       0x2c c:/nxp/mcuxpressoide_11.6.0_8187/ide/plugins/com.nxp.mcuxpresso.tools.win32_11.6.0.202112161359/tools/bin/../lib/gcc/arm-none-eabi/10.3.1/../../../../arm-none-eabi/lib/thumb/v6-m/nofp\libcr_c.a(memset.o)
 .ARM.attributes
                0x00000420       0x2c c:/nxp/mcuxpressoide_11.6.0_8187/ide/plugins/com.nxp.mcuxpresso.tools.win32_11.6.0.202112161359/tools/bin/../lib/gcc/arm-none-eabi/10.3.1/../../../../arm-none-eabi/lib/thumb/v6-m/nofp\libcr_c.a(atan2.o)
 .ARM.attributes
                0x0000044c       0x2c c:/nxp/mcuxpressoide_11.6.0_8187/ide/plugins/com.nxp.mcuxpresso.tools.win32_11.6.0.202112161359/tools/bin/../lib/gcc/arm-none-eabi/10.3.1/../../../../arm-none-eabi/lib/thumb/v6-m/nofp\libcr_c.a(errno.o)
 .ARM.attributes
                0x00000478       0x2c c:/nxp/mcuxpressoide_11.6.0_8187/ide/plugins/com.nxp.mcuxpresso.tools.win32_11.6.0.202112161359/tools/bin/../lib/gcc/arm-none-eabi/10.3.1/../../../../arm-none-eabi/lib/thumb/v6-m/nofp\libcr_c.a(fabs.o)
 .ARM.attributes
                0x000004a4       0x2c c:/nxp/mcuxpressoide_11.6.0_8187/ide/plugins/com.nxp.mcuxpresso.tools.win32_11.6.0.202112161359/tools/bin/../lib/gcc/arm-none-eabi/10.3.1/../../../../arm-none-eabi/lib/thumb/v6-m/nofp\libcr_c.a(initio.o)
 .ARM.attributes
                0x000004d0       0x2c c:/nxp/mcuxpressoide_11.6.0_8187/ide/plugins/com.nxp.mcuxpresso.tools.win32_11.6.0.202112161359/tools/bin/../lib/gcc/arm-none-eabi/10.3.1/../../../../arm-none-eabi/lib/thumb/v6-m/nofp\libcr_c.a(setvbuf.o)
 .ARM.attributes
                0x000004fc       0x2c c:/nxp/mcuxpressoide_11.6.0_8187/ide/plugins/com.nxp.mcuxpresso.tools.win32_11.6.0.202112161359/tools/bin/../lib/gcc/arm-none-eabi/10.3.1/../../../../arm-none-eabi/lib/thumb/v6-m/nofp\libcr_c.a(sqrt.o)
 .ARM.attributes
                0x00000528       0x2c c:/nxp/mcuxpressoide_11.6.0_8187/ide/plugins/com.nxp.mcuxpresso.tools.win32_11.6.0.202112161359/tools/bin/../lib/gcc/arm-none-eabi/10.3.1/../../../../arm-none-eabi/lib/thumb/v6-m/nofp\libcr_c.a(strlen.o)
 .ARM.attributes
                0x00000554       0x2c c:/nxp/mcuxpressoide_11.6.0_8187/ide/plugins/com.nxp.mcuxpresso.tools.win32_11.6.0.202112161359/tools/bin/../lib/gcc/arm-none-eabi/10.3.1/../../../../arm-none-eabi/lib/thumb/v6-m/nofp\libcr_c.a(_fdopen.o)
 .ARM.attributes
                0x00000580       0x2c c:/nxp/mcuxpressoide_11.6.0_8187/ide/plugins/com.nxp.mcuxpresso.tools.win32_11.6.0.202112161359/tools/bin/../lib/gcc/arm-none-eabi/10.3.1/../../../../arm-none-eabi/lib/thumb/v6-m/nofp\libcr_c.a(atan.o)
 .ARM.attributes
                0x000005ac       0x2c c:/nxp/mcuxpressoide_11.6.0_8187/ide/plugins/com.nxp.mcuxpresso.tools.win32_11.6.0.202112161359/tools/bin/../lib/gcc/arm-none-eabi/10.3.1/../../../../arm-none-eabi/lib/thumb/v6-m/nofp\libcr_c.a(fclose.o)
 .ARM.attributes
                0x000005d8       0x2c c:/nxp/mcuxpressoide_11.6.0_8187/ide/plugins/com.nxp.mcuxpresso.tools.win32_11.6.0.202112161359/tools/bin/../lib/gcc/arm-none-eabi/10.3.1/../../../../arm-none-eabi/lib/thumb/v6-m/nofp\libcr_c.a(fflush.o)
 .ARM.attributes
                0x00000604       0x2c c:/nxp/mcuxpressoide_11.6.0_8187/ide/plugins/com.nxp.mcuxpresso.tools.win32_11.6.0.202112161359/tools/bin/../lib/gcc/arm-none-eabi/10.3.1/../../../../arm-none-eabi/lib/thumb/v6-m/nofp\libcr_c.a(fseek.o)
 .ARM.attributes
                0x00000630       0x2c c:/nxp/mcuxpressoide_11.6.0_8187/ide/plugins/com.nxp.mcuxpresso.tools.win32_11.6.0.202112161359/tools/bin/../lib/gcc/arm-none-eabi/10.3.1/../../../../arm-none-eabi/lib/thumb/v6-m/nofp\libcr_c.a(ftell.o)
 .ARM.attributes
                0x0000065c       0x2c c:/nxp/mcuxpressoide_11.6.0_8187/ide/plugins/com.nxp.mcuxpresso.tools.win32_11.6.0.202112161359/tools/bin/../lib/gcc/arm-none-eabi/10.3.1/../../../../arm-none-eabi/lib/thumb/v6-m/nofp\libcr_c.a(remove.o)
 .ARM.attributes
                0x00000688       0x2c c:/nxp/mcuxpressoide_11.6.0_8187/ide/plugins/com.nxp.mcuxpresso.tools.win32_11.6.0.202112161359/tools/bin/../lib/gcc/arm-none-eabi/10.3.1/../../../../arm-none-eabi/lib/thumb/v6-m/nofp\libcr_c.a(_do_fflush.o)
 .ARM.attributes
                0x000006b4       0x2c c:/nxp/mcuxpressoide_11.6.0_8187/ide/plugins/com.nxp.mcuxpresso.tools.win32_11.6.0.202112161359/tools/bin/../lib/gcc/arm-none-eabi/10.3.1/../../../../arm-none-eabi/lib/thumb/v6-m/nofp\libcr_c.a(_fflush.o)
 .ARM.attributes
                0x000006e0       0x2c c:/nxp/mcuxpressoide_11.6.0_8187/ide/plugins/com.nxp.mcuxpresso.tools.win32_11.6.0.202112161359/tools/bin/../lib/gcc/arm-none-eabi/10.3.1/../../../../arm-none-eabi/lib/thumb/v6-m/nofp\libcr_c.a(_writebuf.o)
 .ARM.attributes
                0x0000070c       0x2c c:/nxp/mcuxpressoide_11.6.0_8187/ide/plugins/com.nxp.mcuxpresso.tools.win32_11.6.0.202112161359/tools/bin/../lib/gcc/arm-none-eabi/10.3.1/../../../../arm-none-eabi/lib/thumb/v6-m/nofp\libcr_c.a(alloc.o)
 .ARM.attributes
                0x00000738       0x2c c:/nxp/mcuxpressoide_11.6.0_8187/ide/plugins/com.nxp.mcuxpresso.tools.win32_11.6.0.202112161359/tools/bin/../lib/gcc/arm-none-eabi/10.3.1/../../../../arm-none-eabi/lib/thumb/v6-m/nofp\libcr_c.a(_deferredlazyseek.o)
 .ARM.attributes
                0x00000764       0x1c c:/nxp/mcuxpressoide_11.6.0_8187/ide/plugins/com.nxp.mcuxpresso.tools.win32_11.6.0.202112161359/tools/bin/../lib/gcc/arm-none-eabi/10.3.1/thumb/v6-m/nofp\libcr_eabihelpers.a(division_32.o)
 .ARM.attributes
                0x00000780       0x1c c:/nxp/mcuxpressoide_11.6.0_8187/ide/plugins/com.nxp.mcuxpresso.tools.win32_11.6.0.202112161359/tools/bin/../lib/gcc/arm-none-eabi/10.3.1/thumb/v6-m/nofp\libcr_eabihelpers.a(division_idiv0.o)
 .ARM.attributes
                0x0000079c       0x2c c:/nxp/mcuxpressoide_11.6.0_8187/ide/plugins/com.nxp.mcuxpresso.tools.win32_11.6.0.202112161359/tools/bin/../lib/gcc/arm-none-eabi/10.3.1/thumb/v6-m/nofp\libcr_eabihelpers.a(double.o)
 .ARM.attributes
                0x000007c8       0x2c c:/nxp/mcuxpressoide_11.6.0_8187/ide/plugins/com.nxp.mcuxpresso.tools.win32_11.6.0.202112161359/tools/bin/../lib/gcc/arm-none-eabi/10.3.1/thumb/v6-m/nofp\libcr_eabihelpers.a(float.o)
 .ARM.attributes
                0x000007f4       0x1c c:/nxp/mcuxpressoide_11.6.0_8187/ide/plugins/com.nxp.mcuxpresso.tools.win32_11.6.0.202112161359/tools/bin/../lib/gcc/arm-none-eabi/10.3.1/thumb/v6-m/nofp\libcr_eabihelpers.a(llong.o)
 .ARM.attributes
                0x00000810       0x1c c:/nxp/mcuxpressoide_11.6.0_8187/ide/plugins/com.nxp.mcuxpresso.tools.win32_11.6.0.202112161359/tools/bin/../lib/gcc/arm-none-eabi/10.3.1/thumb/v6-m/nofp\libcr_eabihelpers.a(memcpy.o)
 .ARM.attributes
                0x0000082c       0x2c c:/nxp/mcuxpressoide_11.6.0_8187/ide/plugins/com.nxp.mcuxpresso.tools.win32_11.6.0.202112161359/tools/bin/../lib/gcc/arm-none-eabi/10.3.1/../../../../arm-none-eabi/lib/thumb/v6-m/nofp\libcr_nohost_nf.a(__ciob.o)
 .ARM.attributes
                0x00000858       0x2c c:/nxp/mcuxpressoide_11.6.0_8187/ide/plugins/com.nxp.mcuxpresso.tools.win32_11.6.0.202112161359/tools/bin/../lib/gcc/arm-none-eabi/10.3.1/../../../../arm-none-eabi/lib/thumb/v6-m/nofp\libcr_nohost_nf.a(__sys_close.o)
 .ARM.attributes
                0x00000884       0x2c c:/nxp/mcuxpressoide_11.6.0_8187/ide/plugins/com.nxp.mcuxpresso.tools.win32_11.6.0.202112161359/tools/bin/../lib/gcc/arm-none-eabi/10.3.1/../../../../arm-none-eabi/lib/thumb/v6-m/nofp\libcr_nohost_nf.a(__sys_flen.o)
 .ARM.attributes
                0x000008b0       0x2c c:/nxp/mcuxpressoide_11.6.0_8187/ide/plugins/com.nxp.mcuxpresso.tools.win32_11.6.0.202112161359/tools/bin/../lib/gcc/arm-none-eabi/10.3.1/../../../../arm-none-eabi/lib/thumb/v6-m/nofp\libcr_nohost_nf.a(__sys_istty.o)
 .ARM.attributes
                0x000008dc       0x2c c:/nxp/mcuxpressoide_11.6.0_8187/ide/plugins/com.nxp.mcuxpresso.tools.win32_11.6.0.202112161359/tools/bin/../lib/gcc/arm-none-eabi/10.3.1/../../../../arm-none-eabi/lib/thumb/v6-m/nofp\libcr_nohost_nf.a(__sys_remove.o)
 .ARM.attributes
                0x00000908       0x2c c:/nxp/mcuxpressoide_11.6.0_8187/ide/plugins/com.nxp.mcuxpresso.tools.win32_11.6.0.202112161359/tools/bin/../lib/gcc/arm-none-eabi/10.3.1/../../../../arm-none-eabi/lib/thumb/v6-m/nofp\libcr_nohost_nf.a(__sys_seek.o)
 .ARM.attributes
                0x00000934       0x2c c:/nxp/mcuxpressoide_11.6.0_8187/ide/plugins/com.nxp.mcuxpresso.tools.win32_11.6.0.202112161359/tools/bin/../lib/gcc/arm-none-eabi/10.3.1/../../../../arm-none-eabi/lib/thumb/v6-m/nofp\libcr_nohost_nf.a(__sys_tmpnam.o)
 .ARM.attributes
                0x00000960       0x2c c:/nxp/mcuxpressoide_11.6.0_8187/ide/plugins/com.nxp.mcuxpresso.tools.win32_11.6.0.202112161359/tools/bin/../lib/gcc/arm-none-eabi/10.3.1/../../../../arm-none-eabi/lib/thumb/v6-m/nofp\libcr_nohost_nf.a(__sys_write.o)

.debug_frame    0x00000000     0x1c94
 .debug_frame   0x00000000      0x1f0 ./utilities/fsl_debug_console.o
 .debug_frame   0x000001f0      0x3b0 ./startup/startup_mkl25z4.o
 .debug_frame   0x000005a0       0x30 ./source/PES_final_project.o
 .debug_frame   0x000005d0       0x30 ./source/delay.o
 .debug_frame   0x00000600      0x104 ./source/i2c.o
 .debug_frame   0x00000704       0xb4 ./source/mma8451.o
 .debug_frame   0x000007b8       0x68 ./source/pwm.o
 .debug_frame   0x00000820       0x20 ./source/semihost_hardfault.o
 .debug_frame   0x00000840       0xc4 ./source/switch.o
 .debug_frame   0x00000904       0xc0 ./source/systick.o
 .debug_frame   0x000009c4       0x4c ./source/test.o
 .debug_frame   0x00000a10       0x4c ./source/touch_sensor.o
 .debug_frame   0x00000a5c      0x6e0 ./drivers/fsl_clock.o
 .debug_frame   0x0000113c       0x90 ./drivers/fsl_common.o
 .debug_frame   0x000011cc      0x414 ./drivers/fsl_lpsci.o
 .debug_frame   0x000015e0      0x464 ./drivers/fsl_uart.o
 .debug_frame   0x00001a44       0x50 ./board/board.o
 .debug_frame   0x00001a94      0x100 ./board/clock_config.o
 .debug_frame   0x00001b94       0x2c ./board/peripherals.o
 .debug_frame   0x00001bc0       0x88 ./board/pin_mux.o
 .debug_frame   0x00001c48       0x4c ./CMSIS/system_MKL25Z4.o

Cross Reference Table

Symbol                                            File
ADC0_DriverIRQHandler                             ./startup/startup_mkl25z4.o
ADC0_IRQHandler                                   ./startup/startup_mkl25z4.o
BOARD_BootClockRUN                                ./board/clock_config.o
BOARD_BootClockVLPR                               ./board/clock_config.o
BOARD_InitBootClocks                              ./board/clock_config.o
                                                  ./source/PES_final_project.o
BOARD_InitBootPeripherals                         ./board/peripherals.o
                                                  ./source/PES_final_project.o
BOARD_InitBootPins                                ./board/pin_mux.o
                                                  ./source/PES_final_project.o
BOARD_InitDebugConsole                            ./board/board.o
                                                  ./source/PES_final_project.o
BOARD_InitPins                                    ./board/pin_mux.o
CLOCK_BootToBlpeMode                              ./drivers/fsl_clock.o
CLOCK_BootToBlpiMode                              ./drivers/fsl_clock.o
                                                  ./board/clock_config.o
CLOCK_BootToFeeMode                               ./drivers/fsl_clock.o
CLOCK_BootToFeiMode                               ./drivers/fsl_clock.o
CLOCK_BootToPeeMode                               ./drivers/fsl_clock.o
                                                  ./board/clock_config.o
CLOCK_CalcPllDiv                                  ./drivers/fsl_clock.o
CLOCK_ClearStatusFlags                            ./drivers/fsl_clock.o
CLOCK_DeinitOsc0                                  ./drivers/fsl_clock.o
CLOCK_EnablePll0                                  ./drivers/fsl_clock.o
CLOCK_EnableUsbfs0Clock                           ./drivers/fsl_clock.o
CLOCK_ExternalModeToFbeModeQuick                  ./drivers/fsl_clock.o
CLOCK_FllStableDelay                              ./drivers/fsl_clock.o
CLOCK_GetBusClkFreq                               ./drivers/fsl_clock.o
CLOCK_GetCoreSysClkFreq                           ./drivers/fsl_clock.o
CLOCK_GetEr32kClkFreq                             ./drivers/fsl_clock.o
CLOCK_GetFixedFreqClkFreq                         ./drivers/fsl_clock.o
CLOCK_GetFlashClkFreq                             ./drivers/fsl_clock.o
CLOCK_GetFllFreq                                  ./drivers/fsl_clock.o
CLOCK_GetFreq                                     ./drivers/fsl_clock.o
CLOCK_GetInternalRefClkFreq                       ./drivers/fsl_clock.o
CLOCK_GetMode                                     ./drivers/fsl_clock.o
CLOCK_GetOsc0ErClkFreq                            ./drivers/fsl_clock.o
CLOCK_GetOutClkFreq                               ./drivers/fsl_clock.o
CLOCK_GetPlatClkFreq                              ./drivers/fsl_clock.o
CLOCK_GetPll0Freq                                 ./drivers/fsl_clock.o
CLOCK_GetPllFllSelClkFreq                         ./drivers/fsl_clock.o
                                                  ./board/board.o
CLOCK_GetStatusFlags                              ./drivers/fsl_clock.o
CLOCK_InitOsc0                                    ./drivers/fsl_clock.o
                                                  ./board/clock_config.o
CLOCK_InternalModeToFbiModeQuick                  ./drivers/fsl_clock.o
CLOCK_SetBlpeMode                                 ./drivers/fsl_clock.o
CLOCK_SetBlpiMode                                 ./drivers/fsl_clock.o
CLOCK_SetExternalRefClkConfig                     ./drivers/fsl_clock.o
CLOCK_SetFbeMode                                  ./drivers/fsl_clock.o
CLOCK_SetFbiMode                                  ./drivers/fsl_clock.o
CLOCK_SetFeeMode                                  ./drivers/fsl_clock.o
CLOCK_SetFeiMode                                  ./drivers/fsl_clock.o
CLOCK_SetInternalRefClkConfig                     ./drivers/fsl_clock.o
                                                  ./board/clock_config.o
CLOCK_SetMcgConfig                                ./drivers/fsl_clock.o
CLOCK_SetOsc0MonitorMode                          ./drivers/fsl_clock.o
CLOCK_SetPbeMode                                  ./drivers/fsl_clock.o
CLOCK_SetPeeMode                                  ./drivers/fsl_clock.o
CLOCK_SetPll0MonitorMode                          ./drivers/fsl_clock.o
CLOCK_SetSimConfig                                ./drivers/fsl_clock.o
                                                  ./board/clock_config.o
CLOCK_TrimInternalRefClk                          ./drivers/fsl_clock.o
CMP0_DriverIRQHandler                             ./startup/startup_mkl25z4.o
CMP0_IRQHandler                                   ./startup/startup_mkl25z4.o
DAC0_DriverIRQHandler                             ./startup/startup_mkl25z4.o
DAC0_IRQHandler                                   ./startup/startup_mkl25z4.o
DMA0_DriverIRQHandler                             ./startup/startup_mkl25z4.o
DMA0_IRQHandler                                   ./startup/startup_mkl25z4.o
DMA1_DriverIRQHandler                             ./startup/startup_mkl25z4.o
DMA1_IRQHandler                                   ./startup/startup_mkl25z4.o
DMA2_DriverIRQHandler                             ./startup/startup_mkl25z4.o
DMA2_IRQHandler                                   ./startup/startup_mkl25z4.o
DMA3_DriverIRQHandler                             ./startup/startup_mkl25z4.o
DMA3_IRQHandler                                   ./startup/startup_mkl25z4.o
DbgConsole_Deinit                                 ./utilities/fsl_debug_console.o
DbgConsole_Getchar                                ./utilities/fsl_debug_console.o
DbgConsole_Init                                   ./utilities/fsl_debug_console.o
                                                  ./board/board.o
DbgConsole_Printf                                 ./utilities/fsl_debug_console.o
                                                  ./drivers/fsl_common.o
                                                  ./source/test.o
                                                  ./source/PES_final_project.o
DbgConsole_Putchar                                ./utilities/fsl_debug_console.o
DbgConsole_Scanf                                  ./utilities/fsl_debug_console.o
Delay                                             ./source/delay.o
                                                  ./source/PES_final_project.o
FLASH_Erase                                       ./drivers/fsl_flash.o
FLASH_EraseAll                                    ./drivers/fsl_flash.o
FLASH_EraseAllExecuteOnlySegments                 ./drivers/fsl_flash.o
FLASH_GetProperty                                 ./drivers/fsl_flash.o
FLASH_GetSecurityState                            ./drivers/fsl_flash.o
FLASH_Init                                        ./drivers/fsl_flash.o
FLASH_IsExecuteOnly                               ./drivers/fsl_flash.o
FLASH_IsProtected                                 ./drivers/fsl_flash.o
FLASH_PflashGetPrefetchSpeculation                ./drivers/fsl_flash.o
FLASH_PflashGetProtection                         ./drivers/fsl_flash.o
FLASH_PflashSetPrefetchSpeculation                ./drivers/fsl_flash.o
                                                  ./drivers/fsl_smc.o
FLASH_PflashSetProtection                         ./drivers/fsl_flash.o
FLASH_PrepareExecuteInRamFunctions                ./drivers/fsl_flash.o
FLASH_Program                                     ./drivers/fsl_flash.o
FLASH_ProgramOnce                                 ./drivers/fsl_flash.o
FLASH_ReadOnce                                    ./drivers/fsl_flash.o
FLASH_ReadResource                                ./drivers/fsl_flash.o
FLASH_SecurityBypass                              ./drivers/fsl_flash.o
FLASH_SetCallback                                 ./drivers/fsl_flash.o
FLASH_SetProperty                                 ./drivers/fsl_flash.o
FLASH_VerifyErase                                 ./drivers/fsl_flash.o
FLASH_VerifyEraseAll                              ./drivers/fsl_flash.o
FLASH_VerifyEraseAllExecuteOnlySegments           ./drivers/fsl_flash.o
FLASH_VerifyProgram                               ./drivers/fsl_flash.o
FTFA_DriverIRQHandler                             ./startup/startup_mkl25z4.o
FTFA_IRQHandler                                   ./startup/startup_mkl25z4.o
Flash_Config                                      ./startup/startup_mkl25z4.o
GPIO_ClearPinsInterruptFlags                      ./drivers/fsl_gpio.o
GPIO_GetPinsInterruptFlags                        ./drivers/fsl_gpio.o
GPIO_PinInit                                      ./drivers/fsl_gpio.o
HardFault_Handler                                 ./source/semihost_hardfault.o
                                                  ./startup/startup_mkl25z4.o
I2C0_DriverIRQHandler                             ./startup/startup_mkl25z4.o
I2C0_IRQHandler                                   ./startup/startup_mkl25z4.o
I2C1_DriverIRQHandler                             ./startup/startup_mkl25z4.o
I2C1_IRQHandler                                   ./startup/startup_mkl25z4.o
InstallIRQHandler                                 ./drivers/fsl_common.o
IntDefaultHandler                                 ./startup/startup_mkl25z4.o
LLWU_DriverIRQHandler                             ./startup/startup_mkl25z4.o
LLWU_IRQHandler                                   ./startup/startup_mkl25z4.o
LPSCI_ClearStatusFlags                            ./drivers/fsl_lpsci.o
LPSCI_Deinit                                      ./drivers/fsl_lpsci.o
                                                  ./utilities/fsl_debug_console.o
LPSCI_DisableInterrupts                           ./drivers/fsl_lpsci.o
LPSCI_EnableInterrupts                            ./drivers/fsl_lpsci.o
LPSCI_GetDefaultConfig                            ./drivers/fsl_lpsci.o
                                                  ./utilities/fsl_debug_console.o
LPSCI_GetEnabledInterrupts                        ./drivers/fsl_lpsci.o
LPSCI_GetInstance                                 ./drivers/fsl_lpsci.o
LPSCI_GetStatusFlags                              ./drivers/fsl_lpsci.o
LPSCI_Init                                        ./drivers/fsl_lpsci.o
                                                  ./utilities/fsl_debug_console.o
LPSCI_ReadBlocking                                ./drivers/fsl_lpsci.o
                                                  ./utilities/fsl_debug_console.o
LPSCI_SetBaudRate                                 ./drivers/fsl_lpsci.o
LPSCI_TransferAbortReceive                        ./drivers/fsl_lpsci.o
LPSCI_TransferAbortSend                           ./drivers/fsl_lpsci.o
LPSCI_TransferCreateHandle                        ./drivers/fsl_lpsci.o
LPSCI_TransferGetReceiveCount                     ./drivers/fsl_lpsci.o
LPSCI_TransferGetSendCount                        ./drivers/fsl_lpsci.o
LPSCI_TransferHandleErrorIRQ                      ./drivers/fsl_lpsci.o
LPSCI_TransferHandleIRQ                           ./drivers/fsl_lpsci.o
LPSCI_TransferReceiveNonBlocking                  ./drivers/fsl_lpsci.o
LPSCI_TransferSendNonBlocking                     ./drivers/fsl_lpsci.o
LPSCI_TransferStartRingBuffer                     ./drivers/fsl_lpsci.o
LPSCI_TransferStopRingBuffer                      ./drivers/fsl_lpsci.o
LPSCI_WriteBlocking                               ./drivers/fsl_lpsci.o
                                                  ./utilities/fsl_debug_console.o
LPTMR0_DriverIRQHandler                           ./startup/startup_mkl25z4.o
LPTMR0_IRQHandler                                 ./startup/startup_mkl25z4.o
LVD_LVW_DriverIRQHandler                          ./startup/startup_mkl25z4.o
LVD_LVW_IRQHandler                                ./startup/startup_mkl25z4.o
MCG_DriverIRQHandler                              ./startup/startup_mkl25z4.o
MCG_IRQHandler                                    ./startup/startup_mkl25z4.o
NMI_Handler                                       ./startup/startup_mkl25z4.o
PIT_DriverIRQHandler                              ./startup/startup_mkl25z4.o
PIT_IRQHandler                                    ./startup/startup_mkl25z4.o
PORTA_DriverIRQHandler                            ./startup/startup_mkl25z4.o
PORTA_IRQHandler                                  ./startup/startup_mkl25z4.o
PORTD_DriverIRQHandler                            ./startup/startup_mkl25z4.o
PORTD_IRQHandler                                  ./source/switch.o
                                                  ./startup/startup_mkl25z4.o
PWM_init                                          ./source/pwm.o
                                                  ./source/PES_final_project.o
PendSV_Handler                                    ./startup/startup_mkl25z4.o
RTC_DriverIRQHandler                              ./startup/startup_mkl25z4.o
RTC_IRQHandler                                    ./startup/startup_mkl25z4.o
RTC_Seconds_DriverIRQHandler                      ./startup/startup_mkl25z4.o
RTC_Seconds_IRQHandler                            ./startup/startup_mkl25z4.o
Reserved20_DriverIRQHandler                       ./startup/startup_mkl25z4.o
Reserved20_IRQHandler                             ./startup/startup_mkl25z4.o
Reserved39_DriverIRQHandler                       ./startup/startup_mkl25z4.o
Reserved39_IRQHandler                             ./startup/startup_mkl25z4.o
Reserved45_DriverIRQHandler                       ./startup/startup_mkl25z4.o
Reserved45_IRQHandler                             ./startup/startup_mkl25z4.o